Microsoft Windows XP [Version 5.1.2600]
(C) Copyright 1985-2001 Microsoft Corp.

C:\WINDOWS\system32>cd \
cd \

C:\>dir
dir
 Volume in drive C has no label.
 Volume Serial Number is 9485-3661

 Directory of C:\

05/28/2018  04:55 PM               460 a
05/28/2018  04:55 PM    <DIR>          analysis
05/13/2018  02:45 PM                 0 AUTOEXEC.BAT
05/13/2018  02:45 PM                 0 CONFIG.SYS
05/27/2018  06:07 PM    <DIR>          Documents and Settings
05/13/2018  03:31 PM    <DIR>          DualServer
05/28/2018  08:20 PM    <DIR>          nmap-6.00-win32
05/28/2018  03:07 PM        19,193,787 nmap-6.00-win32.zip
05/28/2018  04:51 PM    <DIR>          Program Files
05/28/2018  07:48 PM           339,096 psexec.exe
05/28/2018  07:51 PM    <DIR>          WINDOWS
               5 File(s)     19,533,343 bytes
               6 Dir(s)  25,256,030,208 bytes free

C:\>cd nmap-6.00-win32
cd nmap-6.00-win32

C:\nmap-6.00-win32>dir
dir
 Volume in drive C has no label.
 Volume Serial Number is 9485-3661

 Directory of C:\nmap-6.00-win32

05/28/2018  08:20 PM    <DIR>          .
05/28/2018  08:20 PM    <DIR>          ..
05/28/2018  08:20 PM    <DIR>          nmap-6.00
               0 File(s)              0 bytes
               3 Dir(s)  25,256,030,208 bytes free

C:\nmap-6.00-win32>cd nmap-6.00
cd nmap-6.00

C:\nmap-6.00-win32\nmap-6.00>ipconfig
ipconfig

Windows IP Configuration


Ethernet adapter Local Area Connection 2:

        Connection-specific DNS Suffix  . : 
        IP Address. . . . . . . . . . . . : 10.30.1.20
        Subnet Mask . . . . . . . . . . . : 255.255.255.0
        Default Gateway . . . . . . . . . : 

Ethernet adapter Local Area Connection:

        Connection-specific DNS Suffix  . : 
        IP Address. . . . . . . . . . . . : 10.10.1.20
        Subnet Mask . . . . . . . . . . . : 255.255.255.0
        Default Gateway . . . . . . . . . : 10.10.1.1

C:\nmap-6.00-win32\nmap-6.00>nmap -h
nmap -h

C:\nmap-6.00-win32\nmap-6.00>dir
dir
 Volume in drive C has no label.
 Volume Serial Number is 9485-3661

 Directory of C:\nmap-6.00-win32\nmap-6.00

05/28/2018  08:20 PM    <DIR>          .
05/28/2018  08:20 PM    <DIR>          ..
05/19/2012  02:11 PM            71,331 3rd-party-licenses.txt
05/19/2012  02:11 PM           511,499 ca-bundle.crt
05/19/2012  02:11 PM           573,501 CHANGELOG
05/19/2012  02:11 PM            25,149 COPYING
03/14/2012  07:07 PM         1,142,784 libeay32.dll
05/28/2018  08:20 PM    <DIR>          licenses
05/19/2012  02:11 PM           186,880 ncat.exe
05/19/2012  02:11 PM               933 ndiff.bat
05/19/2012  02:11 PM            52,432 ndiff.py
05/19/2012  02:11 PM           400,733 nmap-mac-prefixes
05/19/2012  02:11 PM         3,170,363 nmap-os-db
05/19/2012  02:11 PM             9,981 nmap-payloads
05/19/2012  02:11 PM             6,304 nmap-protocols
05/19/2012  02:11 PM            49,240 nmap-rpc
05/19/2012  02:11 PM         1,543,300 nmap-service-probes
05/19/2012  02:11 PM           621,833 nmap-services
05/19/2012  02:11 PM         1,385,984 nmap-update.exe
05/19/2012  02:11 PM         1,825,280 nmap.exe
05/19/2012  02:11 PM            31,935 nmap.xsl
05/19/2012  02:11 PM               192 nmap_performance.reg
05/19/2012  02:11 PM           302,592 nping.exe
05/28/2018  08:20 PM    <DIR>          nselib
05/19/2012  02:11 PM            42,664 nse_main.lua
05/19/2012  02:11 PM               185 README-WIN32
05/28/2018  08:20 PM    <DIR>          scripts
03/14/2012  07:07 PM           237,056 ssleay32.dll
05/19/2012  02:11 PM         4,481,368 vcredist2008_x86.exe
05/19/2012  02:11 PM         9,034,584 vcredist_x86.exe
05/19/2012  02:11 PM           428,158 winpcap-nmap-4.12.exe
              26 File(s)     26,136,261 bytes
               5 Dir(s)  25,256,026,112 bytes free

C:\nmap-6.00-win32\nmap-6.00>nmap.exe /?
nmap.exe /?

C:\nmap-6.00-win32\nmap-6.00>nmap.exe -p 10.30.1.1/24
nmap.exe -p 10.30.1.1/24

C:\nmap-6.00-win32\nmap-6.00>nmap.exe -sT 10.30.1.1-255
nmap.exe -sT 10.30.1.1-255

C:\nmap-6.00-win32\nmap-6.00>nmap.exe -sT 10.30.1.1-255 >output.txt
nmap.exe -sT 10.30.1.1-255 >output.txt

C:\nmap-6.00-win32\nmap-6.00>dir
dir
 Volume in drive C has no label.
 Volume Serial Number is 9485-3661

 Directory of C:\nmap-6.00-win32\nmap-6.00

05/28/2018  08:26 PM    <DIR>          .
05/28/2018  08:26 PM    <DIR>          ..
05/19/2012  02:11 PM            71,331 3rd-party-licenses.txt
05/19/2012  02:11 PM           511,499 ca-bundle.crt
05/19/2012  02:11 PM           573,501 CHANGELOG
05/19/2012  02:11 PM            25,149 COPYING
03/14/2012  07:07 PM         1,142,784 libeay32.dll
05/28/2018  08:20 PM    <DIR>          licenses
05/19/2012  02:11 PM           186,880 ncat.exe
05/19/2012  02:11 PM               933 ndiff.bat
05/19/2012  02:11 PM            52,432 ndiff.py
05/19/2012  02:11 PM           400,733 nmap-mac-prefixes
05/19/2012  02:11 PM         3,170,363 nmap-os-db
05/19/2012  02:11 PM             9,981 nmap-payloads
05/19/2012  02:11 PM             6,304 nmap-protocols
05/19/2012  02:11 PM            49,240 nmap-rpc
05/19/2012  02:11 PM         1,543,300 nmap-service-probes
05/19/2012  02:11 PM           621,833 nmap-services
05/19/2012  02:11 PM         1,385,984 nmap-update.exe
05/19/2012  02:11 PM         1,825,280 nmap.exe
05/19/2012  02:11 PM            31,935 nmap.xsl
05/19/2012  02:11 PM               192 nmap_performance.reg
05/19/2012  02:11 PM           302,592 nping.exe
05/28/2018  08:20 PM    <DIR>          nselib
05/19/2012  02:11 PM            42,664 nse_main.lua
05/28/2018  08:26 PM                 0 output.txt
05/19/2012  02:11 PM               185 README-WIN32
05/28/2018  08:20 PM    <DIR>          scripts
03/14/2012  07:07 PM           237,056 ssleay32.dll
05/19/2012  02:11 PM         4,481,368 vcredist2008_x86.exe
05/19/2012  02:11 PM         9,034,584 vcredist_x86.exe
05/19/2012  02:11 PM           428,158 winpcap-nmap-4.12.exe
              27 File(s)     26,136,261 bytes
               5 Dir(s)  25,255,763,968 bytes free

C:\nmap-6.00-win32\nmap-6.00>dir
dir
 Volume in drive C has no label.
 Volume Serial Number is 9485-3661

 Directory of C:\nmap-6.00-win32\nmap-6.00

05/28/2018  08:26 PM    <DIR>          .
05/28/2018  08:26 PM    <DIR>          ..
05/19/2012  02:11 PM            71,331 3rd-party-licenses.txt
05/19/2012  02:11 PM           511,499 ca-bundle.crt
05/19/2012  02:11 PM           573,501 CHANGELOG
05/19/2012  02:11 PM            25,149 COPYING
03/14/2012  07:07 PM         1,142,784 libeay32.dll
05/28/2018  08:20 PM    <DIR>          licenses
05/19/2012  02:11 PM           186,880 ncat.exe
05/19/2012  02:11 PM               933 ndiff.bat
05/19/2012  02:11 PM            52,432 ndiff.py
05/19/2012  02:11 PM           400,733 nmap-mac-prefixes
05/19/2012  02:11 PM         3,170,363 nmap-os-db
05/19/2012  02:11 PM             9,981 nmap-payloads
05/19/2012  02:11 PM             6,304 nmap-protocols
05/19/2012  02:11 PM            49,240 nmap-rpc
05/19/2012  02:11 PM         1,543,300 nmap-service-probes
05/19/2012  02:11 PM           621,833 nmap-services
05/19/2012  02:11 PM         1,385,984 nmap-update.exe
05/19/2012  02:11 PM         1,825,280 nmap.exe
05/19/2012  02:11 PM            31,935 nmap.xsl
05/19/2012  02:11 PM               192 nmap_performance.reg
05/19/2012  02:11 PM           302,592 nping.exe
05/28/2018  08:20 PM    <DIR>          nselib
05/19/2012  02:11 PM            42,664 nse_main.lua
05/28/2018  08:26 PM                 0 output.txt
05/19/2012  02:11 PM               185 README-WIN32
05/28/2018  08:20 PM    <DIR>          scripts
03/14/2012  07:07 PM           237,056 ssleay32.dll
05/19/2012  02:11 PM         4,481,368 vcredist2008_x86.exe
05/19/2012  02:11 PM         9,034,584 vcredist_x86.exe
05/19/2012  02:11 PM           428,158 winpcap-nmap-4.12.exe
              27 File(s)     26,136,261 bytes
               5 Dir(s)  25,255,763,968 bytes free

C:\nmap-6.00-win32\nmap-6.00>dir
dir
 Volume in drive C has no label.
 Volume Serial Number is 9485-3661

 Directory of C:\nmap-6.00-win32\nmap-6.00

05/28/2018  08:26 PM    <DIR>          .
05/28/2018  08:26 PM    <DIR>          ..
05/19/2012  02:11 PM            71,331 3rd-party-licenses.txt
05/19/2012  02:11 PM           511,499 ca-bundle.crt
05/19/2012  02:11 PM           573,501 CHANGELOG
05/19/2012  02:11 PM            25,149 COPYING
03/14/2012  07:07 PM         1,142,784 libeay32.dll
05/28/2018  08:20 PM    <DIR>          licenses
05/19/2012  02:11 PM           186,880 ncat.exe
05/19/2012  02:11 PM               933 ndiff.bat
05/19/2012  02:11 PM            52,432 ndiff.py
05/19/2012  02:11 PM           400,733 nmap-mac-prefixes
05/19/2012  02:11 PM         3,170,363 nmap-os-db
05/19/2012  02:11 PM             9,981 nmap-payloads
05/19/2012  02:11 PM             6,304 nmap-protocols
05/19/2012  02:11 PM            49,240 nmap-rpc
05/19/2012  02:11 PM         1,543,300 nmap-service-probes
05/19/2012  02:11 PM           621,833 nmap-services
05/19/2012  02:11 PM         1,385,984 nmap-update.exe
05/19/2012  02:11 PM         1,825,280 nmap.exe
05/19/2012  02:11 PM            31,935 nmap.xsl
05/19/2012  02:11 PM               192 nmap_performance.reg
05/19/2012  02:11 PM           302,592 nping.exe
05/28/2018  08:20 PM    <DIR>          nselib
05/19/2012  02:11 PM            42,664 nse_main.lua
05/28/2018  08:26 PM                 0 output.txt
05/19/2012  02:11 PM               185 README-WIN32
05/28/2018  08:20 PM    <DIR>          scripts
03/14/2012  07:07 PM           237,056 ssleay32.dll
05/19/2012  02:11 PM         4,481,368 vcredist2008_x86.exe
05/19/2012  02:11 PM         9,034,584 vcredist_x86.exe
05/19/2012  02:11 PM           428,158 winpcap-nmap-4.12.exe
              27 File(s)     26,136,261 bytes
               5 Dir(s)  25,255,698,432 bytes free

C:\nmap-6.00-win32\nmap-6.00>tasklist
tasklist

Image Name                   PID Session Name     Session#    Mem Usage
========================= ====== ================ ======== ============
System Idle Process            0 Console                 0         16 K
System                         4 Console                 0        224 K
smss.exe                     412 Console                 0        376 K
csrss.exe                    824 Console                 0      2,644 K
winlogon.exe                 848 Console                 0      1,436 K
services.exe                 892 Console                 0      3,200 K
lsass.exe                    904 Console                 0      5,968 K
VBoxService.exe             1068 Console                 0      3,364 K
svchost.exe                 1120 Console                 0      4,868 K
svchost.exe                 1232 Console                 0      4,444 K
svchost.exe                 1448 Console                 0     18,172 K
svchost.exe                 1500 Console                 0      3,760 K
svchost.exe                 1600 Console                 0      4,236 K
spoolsv.exe                 1880 Console                 0      4,380 K
DualServer.exe               788 Console                 0      2,284 K
alg.exe                      632 Console                 0      3,396 K
wscntfy.exe                 1468 Console                 0      1,872 K
explorer.exe                1312 Console                 0     20,728 K
VBoxTray.exe                 688 Console                 0      4,148 K
wuauclt.exe                  436 Console                 0      5,012 K
notepad.exe                 1552 Console                 0        508 K
cmd.exe                      648 Console                 0         84 K
cmd.exe                      176 Console                 0         52 K
tshark.exe                   232 Console                 0        640 K
dumpcap.exe                  128 Console                 0      4,368 K
mmc.exe                     1368 Console                 0      3,432 K
rsmsink.exe                 1744 Console                 0      3,064 K
mmc.exe                     1384 Console                 0      3,572 K
cmd.exe                      372 Console                 0      2,616 K
PSEXESVC.exe                1996 Console                 0      3,812 K
cmd.exe                      200 Console                 0      1,340 K
nc.exe                       564 Console                 0      2,132 K
cmd.exe                     1972 Console                 0      3,988 K
cmd.exe                      208 Console                 0      1,344 K
nc.exe                      2036 Console                 0      2,132 K
cmd.exe                     1976 Console                 0      2,652 K
tasklist.exe                1536 Console                 0      4,052 K
wmiprvse.exe                1308 Console                 0      5,500 K

C:\nmap-6.00-win32\nmap-6.00>start nmap.exe -sT 10.30.1.1-255 >output.txt
start nmap.exe -sT 10.30.1.1-255 >output.txt

C:\nmap-6.00-win32\nmap-6.00>tasklist
tasklist

Image Name                   PID Session Name     Session#    Mem Usage
========================= ====== ================ ======== ============
System Idle Process            0 Console                 0         16 K
System                         4 Console                 0        224 K
smss.exe                     412 Console                 0        376 K
csrss.exe                    824 Console                 0      2,656 K
winlogon.exe                 848 Console                 0      1,436 K
services.exe                 892 Console                 0      3,200 K
lsass.exe                    904 Console                 0      5,968 K
VBoxService.exe             1068 Console                 0      3,364 K
svchost.exe                 1120 Console                 0      4,868 K
svchost.exe                 1232 Console                 0      4,444 K
svchost.exe                 1448 Console                 0     18,236 K
svchost.exe                 1500 Console                 0      3,760 K
svchost.exe                 1600 Console                 0      4,236 K
spoolsv.exe                 1880 Console                 0      4,380 K
DualServer.exe               788 Console                 0      2,284 K
alg.exe                      632 Console                 0      3,396 K
wscntfy.exe                 1468 Console                 0      1,872 K
explorer.exe                1312 Console                 0     20,728 K
VBoxTray.exe                 688 Console                 0      4,148 K
wuauclt.exe                  436 Console                 0      5,012 K
notepad.exe                 1552 Console                 0        516 K
cmd.exe                      648 Console                 0         96 K
cmd.exe                      176 Console                 0         64 K
tshark.exe                   232 Console                 0        644 K
dumpcap.exe                  128 Console                 0      4,368 K
mmc.exe                     1368 Console                 0      3,436 K
rsmsink.exe                 1744 Console                 0      3,064 K
mmc.exe                     1384 Console                 0      3,572 K
cmd.exe                      372 Console                 0      2,616 K
PSEXESVC.exe                1996 Console                 0      3,812 K
cmd.exe                      200 Console                 0      1,340 K
nc.exe                       564 Console                 0      2,132 K
cmd.exe                     1972 Console                 0      3,988 K
cmd.exe                      208 Console                 0      1,344 K
nc.exe                      2036 Console                 0      2,132 K
cmd.exe                     1976 Console                 0      2,720 K
wmiprvse.exe                1308 Console                 0      5,732 K
tasklist.exe                1960 Console                 0      4,040 K

C:\nmap-6.00-win32\nmap-6.00>dir
dir
 Volume in drive C has no label.
 Volume Serial Number is 9485-3661

 Directory of C:\nmap-6.00-win32\nmap-6.00

05/28/2018  08:26 PM    <DIR>          .
05/28/2018  08:26 PM    <DIR>          ..
05/19/2012  02:11 PM            71,331 3rd-party-licenses.txt
05/19/2012  02:11 PM           511,499 ca-bundle.crt
05/19/2012  02:11 PM           573,501 CHANGELOG
05/19/2012  02:11 PM            25,149 COPYING
03/14/2012  07:07 PM         1,142,784 libeay32.dll
05/28/2018  08:20 PM    <DIR>          licenses
05/19/2012  02:11 PM           186,880 ncat.exe
05/19/2012  02:11 PM               933 ndiff.bat
05/19/2012  02:11 PM            52,432 ndiff.py
05/19/2012  02:11 PM           400,733 nmap-mac-prefixes
05/19/2012  02:11 PM         3,170,363 nmap-os-db
05/19/2012  02:11 PM             9,981 nmap-payloads
05/19/2012  02:11 PM             6,304 nmap-protocols
05/19/2012  02:11 PM            49,240 nmap-rpc
05/19/2012  02:11 PM         1,543,300 nmap-service-probes
05/19/2012  02:11 PM           621,833 nmap-services
05/19/2012  02:11 PM         1,385,984 nmap-update.exe
05/19/2012  02:11 PM         1,825,280 nmap.exe
05/19/2012  02:11 PM            31,935 nmap.xsl
05/19/2012  02:11 PM               192 nmap_performance.reg
05/19/2012  02:11 PM           302,592 nping.exe
05/28/2018  08:20 PM    <DIR>          nselib
05/19/2012  02:11 PM            42,664 nse_main.lua
05/28/2018  08:28 PM                 0 output.txt
05/19/2012  02:11 PM               185 README-WIN32
05/28/2018  08:20 PM    <DIR>          scripts
03/14/2012  07:07 PM           237,056 ssleay32.dll
05/19/2012  02:11 PM         4,481,368 vcredist2008_x86.exe
05/19/2012  02:11 PM         9,034,584 vcredist_x86.exe
05/19/2012  02:11 PM           428,158 winpcap-nmap-4.12.exe
              27 File(s)     26,136,261 bytes
               5 Dir(s)  25,255,612,416 bytes free

C:\nmap-6.00-win32\nmap-6.00>nmap.exe >oo.txt
nmap.exe >oo.txt

C:\nmap-6.00-win32\nmap-6.00>type oo.txt
type oo.txt

C:\nmap-6.00-win32\nmap-6.00>start nmap.exe > oo.txt
start nmap.exe > oo.txt

C:\nmap-6.00-win32\nmap-6.00>type oo.txt
type oo.txt

C:\nmap-6.00-win32\nmap-6.00>cd \
cd \

C:\>cd program
cd program
The system cannot find the path specified.

C:\>cd "program files"
cd "program files"

C:\Program Files>dir
dir
 Volume in drive C has no label.
 Volume Serial Number is 9485-3661

 Directory of C:\Program Files

05/28/2018  08:30 PM    <DIR>          .
05/28/2018  08:30 PM    <DIR>          ..
05/13/2018  02:45 PM    <DIR>          Common Files
05/13/2018  02:44 PM    <DIR>          ComPlus Applications
05/13/2018  03:31 PM    <DIR>          IDA Freeware 7.0
05/13/2018  02:45 PM    <DIR>          Internet Explorer
05/13/2018  02:44 PM    <DIR>          Messenger
05/13/2018  02:46 PM    <DIR>          microsoft frontpage
05/13/2018  02:45 PM    <DIR>          Movie Maker
05/13/2018  02:44 PM    <DIR>          MSN
05/13/2018  02:44 PM    <DIR>          MSN Gaming Zone
05/13/2018  02:45 PM    <DIR>          MSXML 4.0
05/13/2018  02:45 PM    <DIR>          NetMeeting
05/28/2018  08:32 PM    <DIR>          Nmap
05/13/2018  02:45 PM    <DIR>          Online Services
05/13/2018  05:26 PM    <DIR>          Oracle
05/13/2018  02:45 PM    <DIR>          Outlook Express
05/13/2018  02:45 PM    <DIR>          Windows Media Player
05/13/2018  02:44 PM    <DIR>          Windows NT
05/28/2018  04:51 PM    <DIR>          WinPcap
05/28/2018  04:51 PM    <DIR>          Wireshark
05/13/2018  02:46 PM    <DIR>          xerox
               0 File(s)              0 bytes
              22 Dir(s)  25,153,200,128 bytes free

C:\Program Files>cd nmap
cd nmap

C:\Program Files\Nmap>dir
dir
 Volume in drive C has no label.
 Volume Serial Number is 9485-3661

 Directory of C:\Program Files\Nmap

05/28/2018  08:32 PM    <DIR>          .
05/28/2018  08:32 PM    <DIR>          ..
03/14/2012  07:07 PM            71,331 3rd-party-licenses.txt
05/19/2012  02:11 PM           511,499 ca-bundle.crt
05/19/2012  01:46 PM           573,501 CHANGELOG
03/14/2012  07:08 PM            25,149 COPYING
05/19/2012  02:12 PM            26,562 COPYING_HIGWIDGETS
03/14/2012  07:07 PM            15,086 icon1.ico
03/14/2012  07:07 PM         1,142,784 libeay32.dll
05/28/2018  08:30 PM    <DIR>          licenses
05/19/2012  02:11 PM           186,880 ncat.exe
05/19/2012  02:12 PM            64,512 ndiff.exe
05/19/2012  02:12 PM             1,956 NDIFF_README
03/14/2012  07:08 PM           400,733 nmap-mac-prefixes
05/19/2012  01:46 PM         3,170,363 nmap-os-db
03/14/2012  07:08 PM             9,981 nmap-payloads
03/14/2012  07:08 PM             6,304 nmap-protocols
03/14/2012  07:08 PM            49,240 nmap-rpc
05/14/2012  05:56 PM         1,543,300 nmap-service-probes
04/10/2012  07:13 PM           621,833 nmap-services
05/19/2012  02:11 PM         1,385,984 nmap-update.exe
05/19/2012  02:11 PM         1,825,280 nmap.exe
03/14/2012  07:07 PM            31,935 nmap.xsl
03/14/2012  07:07 PM               192 nmap_performance.reg
05/19/2012  02:11 PM           302,592 nping.exe
05/28/2018  08:30 PM    <DIR>          nselib
03/14/2012  07:08 PM            42,664 nse_main.lua
05/28/2018  08:32 PM    <DIR>          py2exe
05/19/2012  02:12 PM         2,286,080 python27.dll
03/14/2012  07:08 PM               185 README-WIN32
05/28/2018  08:30 PM    <DIR>          scripts
05/28/2018  08:31 PM    <DIR>          share
03/14/2012  07:07 PM           237,056 ssleay32.dll
05/28/2018  08:31 PM            52,988 Uninstall.exe
05/19/2012  02:12 PM            48,128 zenmap.exe
05/19/2012  02:12 PM             2,260 ZENMAP_README
              29 File(s)     14,636,358 bytes
               7 Dir(s)  25,153,200,128 bytes free

C:\Program Files\Nmap>nmap.exe
nmap.exe
Nmap 6.00 ( http://nmap.org )
Usage: nmap [Scan Type(s)] [Options] {target specification}
TARGET SPECIFICATION:
  Can pass hostnames, IP addresses, networks, etc.
  Ex: scanme.nmap.org, microsoft.com/24, 192.168.0.1; 10.0.0-255.1-254
  -iL <inputfilename>: Input from list of hosts/networks
  -iR <num hosts>: Choose random targets
  --exclude <host1[,host2][,host3],...>: Exclude hosts/networks
  --excludefile <exclude_file>: Exclude list from file
HOST DISCOVERY:
  -sL: List Scan - simply list targets to scan
  -sn: Ping Scan - disable port scan
  -Pn: Treat all hosts as online -- skip host discovery
  -PS/PA/PU/PY[portlist]: TCP SYN/ACK, UDP or SCTP discovery to given ports
  -PE/PP/PM: ICMP echo, timestamp, and netmask request discovery probes
  -PO[protocol list]: IP Protocol Ping
  -n/-R: Never do DNS resolution/Always resolve [default: sometimes]
  --dns-servers <serv1[,serv2],...>: Specify custom DNS servers
  --system-dns: Use OS's DNS resolver
  --traceroute: Trace hop path to each host
SCAN TECHNIQUES:
  -sS/sT/sA/sW/sM: TCP SYN/Connect()/ACK/Window/Maimon scans
  -sU: UDP Scan
  -sN/sF/sX: TCP Null, FIN, and Xmas scans
  --scanflags <flags>: Customize TCP scan flags
  -sI <zombie host[:probeport]>: Idle scan
  -sY/sZ: SCTP INIT/COOKIE-ECHO scans
  -sO: IP protocol scan
  -b <FTP relay host>: FTP bounce scan
PORT SPECIFICATION AND SCAN ORDER:
  -p <port ranges>: Only scan specified ports
    Ex: -p22; -p1-65535; -p U:53,111,137,T:21-25,80,139,8080,S:9
  -F: Fast mode - Scan fewer ports than the default scan
  -r: Scan ports consecutively - don't randomize
  --top-ports <number>: Scan <number> most common ports
  --port-ratio <ratio>: Scan ports more common than <ratio>
SERVICE/VERSION DETECTION:
  -sV: Probe open ports to determine service/version info
  --version-intensity <level>: Set from 0 (light) to 9 (try all probes)
  --version-light: Limit to most likely probes (intensity 2)
  --version-all: Try every single probe (intensity 9)
  --version-trace: Show detailed version scan activity (for debugging)
SCRIPT SCAN:
  -sC: equivalent to --script=default
  --script=<Lua scripts>: <Lua scripts> is a comma separated list of 
           directories, script-files or script-categories
  --script-args=<n1=v1,[n2=v2,...]>: provide arguments to scripts
  --script-args-file=filename: provide NSE script args in a file
  --script-trace: Show all data sent and received
  --script-updatedb: Update the script database.
  --script-help=<Lua scripts>: Show help about scripts.
           <Lua scripts> is a comma separted list of script-files or
           script-categories.
OS DETECTION:
  -O: Enable OS detection
  --osscan-limit: Limit OS detection to promising targets
  --osscan-guess: Guess OS more aggressively
TIMING AND PERFORMANCE:
  Options which take <time> are in seconds, or append 'ms' (milliseconds),
  's' (seconds), 'm' (minutes), or 'h' (hours) to the value (e.g. 30m).
  -T<0-5>: Set timing template (higher is faster)
  --min-hostgroup/max-hostgroup <size>: Parallel host scan group sizes
  --min-parallelism/max-parallelism <numprobes>: Probe parallelization
  --min-rtt-timeout/max-rtt-timeout/initial-rtt-timeout <time>: Specifies
      probe round trip time.
  --max-retries <tries>: Caps number of port scan probe retransmissions.
  --host-timeout <time>: Give up on target after this long
  --scan-delay/--max-scan-delay <time>: Adjust delay between probes
  --min-rate <number>: Send packets no slower than <number> per second
  --max-rate <number>: Send packets no faster than <number> per second
FIREWALL/IDS EVASION AND SPOOFING:
  -f; --mtu <val>: fragment packets (optionally w/given MTU)
  -D <decoy1,decoy2[,ME],...>: Cloak a scan with decoys
  -S <IP_Address>: Spoof source address
  -e <iface>: Use specified interface
  -g/--source-port <portnum>: Use given port number
  --data-length <num>: Append random data to sent packets
  --ip-options <options>: Send packets with specified ip options
  --ttl <val>: Set IP time-to-live field
  --spoof-mac <mac address/prefix/vendor name>: Spoof your MAC address
  --badsum: Send packets with a bogus TCP/UDP/SCTP checksum
OUTPUT:
  -oN/-oX/-oS/-oG <file>: Output scan in normal, XML, s|<rIpt kIddi3,
     and Grepable format, respectively, to the given filename.
  -oA <basename>: Output in the three major formats at once
  -v: Increase verbosity level (use -vv or more for greater effect)
  -d: Increase debugging level (use -dd or more for greater effect)
  --reason: Display the reason a port is in a particular state
  --open: Only show open (or possibly open) ports
  --packet-trace: Show all packets sent and received
  --iflist: Print host interfaces and routes (for debugging)
  --log-errors: Log errors/warnings to the normal-format output file
  --append-output: Append to rather than clobber specified output files
  --resume <filename>: Resume an aborted scan
  --stylesheet <path/URL>: XSL stylesheet to transform XML output to HTML
  --webxml: Reference stylesheet from Nmap.Org for more portable XML
  --no-stylesheet: Prevent associating of XSL stylesheet w/XML output
MISC:
  -6: Enable IPv6 scanning
  -A: Enable OS detection, version detection, script scanning, and traceroute
  --datadir <dirname>: Specify custom Nmap data file location
  --send-eth/--send-ip: Send using raw ethernet frames or IP packets
  --privileged: Assume that the user is fully privileged
  --unprivileged: Assume the user lacks raw socket privileges
  -V: Print version number
  -h: Print this help summary page.
EXAMPLES:
  nmap -v -A scanme.nmap.org
  nmap -v -sn 192.168.0.0/16 10.0.0.0/8
  nmap -v -iR 10000 -Pn -p 80
SEE THE MAN PAGE (http://nmap.org/book/man.html) FOR MORE OPTIONS AND EXAMPLES

C:\Program Files\Nmap>nmap.exe -P0 10.30.1.1-255
nmap.exe -P0 10.30.1.1-255

Starting Nmap 6.00 ( http://nmap.org ) at 2018-05-28 20:33 Pacific Standard Time
Skipping SYN Stealth Scan against 10.30.1.20 because Windows does not support scanning your own machine (localhost) this way.
Nmap scan report for 10.30.1.20
Host is up.
PORT      STATE   SERVICE
1/tcp     unknown tcpmux
3/tcp     unknown compressnet
4/tcp     unknown unknown
6/tcp     unknown unknown
7/tcp     unknown echo
9/tcp     unknown discard
13/tcp    unknown daytime
17/tcp    unknown qotd
19/tcp    unknown chargen
20/tcp    unknown ftp-data
21/tcp    unknown ftp
22/tcp    unknown ssh
23/tcp    unknown telnet
24/tcp    unknown priv-mail
25/tcp    unknown smtp
26/tcp    unknown rsftp
30/tcp    unknown unknown
32/tcp    unknown unknown
33/tcp    unknown dsp
37/tcp    unknown time
42/tcp    unknown nameserver
43/tcp    unknown whois
49/tcp    unknown tacacs
53/tcp    unknown domain
70/tcp    unknown gopher
79/tcp    unknown finger
80/tcp    unknown http
81/tcp    unknown hosts2-ns
82/tcp    unknown xfer
83/tcp    unknown mit-ml-dev
84/tcp    unknown ctf
85/tcp    unknown mit-ml-dev
88/tcp    unknown kerberos-sec
89/tcp    unknown su-mit-tg
90/tcp    unknown dnsix
99/tcp    unknown metagram
100/tcp   unknown newacct
106/tcp   unknown pop3pw
109/tcp   unknown pop2
110/tcp   unknown pop3
111/tcp   unknown rpcbind
113/tcp   unknown ident
119/tcp   unknown nntp
125/tcp   unknown locus-map
135/tcp   unknown msrpc
139/tcp   unknown netbios-ssn
143/tcp   unknown imap
144/tcp   unknown news
146/tcp   unknown iso-tp0
161/tcp   unknown snmp
163/tcp   unknown cmip-man
179/tcp   unknown bgp
199/tcp   unknown smux
211/tcp   unknown 914c-g
212/tcp   unknown anet
222/tcp   unknown rsh-spx
254/tcp   unknown unknown
255/tcp   unknown unknown
256/tcp   unknown fw1-secureremote
259/tcp   unknown esro-gen
264/tcp   unknown bgmp
280/tcp   unknown http-mgmt
301/tcp   unknown unknown
306/tcp   unknown unknown
311/tcp   unknown asip-webadmin
340/tcp   unknown unknown
366/tcp   unknown odmr
389/tcp   unknown ldap
406/tcp   unknown imsp
407/tcp   unknown timbuktu
416/tcp   unknown silverplatter
417/tcp   unknown onmux
425/tcp   unknown icad-el
427/tcp   unknown svrloc
443/tcp   unknown https
444/tcp   unknown snpp
445/tcp   unknown microsoft-ds
458/tcp   unknown appleqtc
464/tcp   unknown kpasswd5
465/tcp   unknown smtps
481/tcp   unknown dvs
497/tcp   unknown retrospect
500/tcp   unknown isakmp
512/tcp   unknown exec
513/tcp   unknown login
514/tcp   unknown shell
515/tcp   unknown printer
524/tcp   unknown ncp
541/tcp   unknown uucp-rlogin
543/tcp   unknown klogin
544/tcp   unknown kshell
545/tcp   unknown ekshell
548/tcp   unknown afp
554/tcp   unknown rtsp
555/tcp   unknown dsf
563/tcp   unknown snews
587/tcp   unknown submission
593/tcp   unknown http-rpc-epmap
616/tcp   unknown sco-sysmgr
617/tcp   unknown sco-dtmgr
625/tcp   unknown apple-xsrvr-admin
631/tcp   unknown ipp
636/tcp   unknown ldapssl
646/tcp   unknown ldp
648/tcp   unknown rrp
666/tcp   unknown doom
667/tcp   unknown disclose
668/tcp   unknown mecomm
683/tcp   unknown corba-iiop
687/tcp   unknown asipregistry
691/tcp   unknown resvc
700/tcp   unknown epp
705/tcp   unknown agentx
711/tcp   unknown cisco-tdp
714/tcp   unknown iris-xpcs
720/tcp   unknown unknown
722/tcp   unknown unknown
726/tcp   unknown unknown
749/tcp   unknown kerberos-adm
765/tcp   unknown webster
777/tcp   unknown multiling-http
783/tcp   unknown spamassassin
787/tcp   unknown qsc
800/tcp   unknown mdbs_daemon
801/tcp   unknown device
808/tcp   unknown ccproxy-http
843/tcp   unknown unknown
873/tcp   unknown rsync
880/tcp   unknown unknown
888/tcp   unknown accessbuilder
898/tcp   unknown sun-manageconsole
900/tcp   unknown omginitialrefs
901/tcp   unknown samba-swat
902/tcp   unknown iss-realsecure
903/tcp   unknown iss-console-mgr
911/tcp   unknown xact-backup
912/tcp   unknown apex-mesh
981/tcp   unknown unknown
987/tcp   unknown unknown
990/tcp   unknown ftps
992/tcp   unknown telnets
993/tcp   unknown imaps
995/tcp   unknown pop3s
999/tcp   unknown garcon
1000/tcp  unknown cadlock
1001/tcp  unknown unknown
1002/tcp  unknown windows-icfw
1007/tcp  unknown unknown
1009/tcp  unknown unknown
1010/tcp  unknown surf
1011/tcp  unknown unknown
1021/tcp  unknown exp1
1022/tcp  unknown exp2
1023/tcp  unknown netvenuechat
1024/tcp  unknown kdm
1025/tcp  unknown NFS-or-IIS
1026/tcp  unknown LSA-or-nterm
1027/tcp  unknown IIS
1028/tcp  unknown unknown
1029/tcp  unknown ms-lsa
1030/tcp  unknown iad1
1031/tcp  unknown iad2
1032/tcp  unknown iad3
1033/tcp  unknown netinfo
1034/tcp  unknown zincite-a
1035/tcp  unknown multidropper
1036/tcp  unknown nsstp
1037/tcp  unknown ams
1038/tcp  unknown mtqp
1039/tcp  unknown sbl
1040/tcp  unknown netsaint
1041/tcp  unknown danf-ak2
1042/tcp  unknown afrog
1043/tcp  unknown boinc
1044/tcp  unknown dcutility
1045/tcp  unknown fpitp
1046/tcp  unknown wfremotertm
1047/tcp  unknown neod1
1048/tcp  unknown neod2
1049/tcp  unknown td-postman
1050/tcp  unknown java-or-OTGfileshare
1051/tcp  unknown optima-vnet
1052/tcp  unknown ddt
1053/tcp  unknown remote-as
1054/tcp  unknown brvread
1055/tcp  unknown ansyslmd
1056/tcp  unknown vfo
1057/tcp  unknown startron
1058/tcp  unknown nim
1059/tcp  unknown nimreg
1060/tcp  unknown polestar
1061/tcp  unknown kiosk
1062/tcp  unknown veracity
1063/tcp  unknown kyoceranetdev
1064/tcp  unknown jstel
1065/tcp  unknown syscomlan
1066/tcp  unknown fpo-fns
1067/tcp  unknown instl_boots
1068/tcp  unknown instl_bootc
1069/tcp  unknown cognex-insight
1070/tcp  unknown gmrupdateserv
1071/tcp  unknown bsquare-voip
1072/tcp  unknown cardax
1073/tcp  unknown bridgecontrol
1074/tcp  unknown warmspotMgmt
1075/tcp  unknown rdrmshc
1076/tcp  unknown sns_credit
1077/tcp  unknown imgames
1078/tcp  unknown avocent-proxy
1079/tcp  unknown asprovatalk
1080/tcp  unknown socks
1081/tcp  unknown pvuniwien
1082/tcp  unknown amt-esd-prot
1083/tcp  unknown ansoft-lm-1
1084/tcp  unknown ansoft-lm-2
1085/tcp  unknown webobjects
1086/tcp  unknown cplscrambler-lg
1087/tcp  unknown cplscrambler-in
1088/tcp  unknown cplscrambler-al
1089/tcp  unknown ff-annunc
1090/tcp  unknown ff-fms
1091/tcp  unknown ff-sm
1092/tcp  unknown obrpd
1093/tcp  unknown proofd
1094/tcp  unknown rootd
1095/tcp  unknown nicelink
1096/tcp  unknown cnrprotocol
1097/tcp  unknown sunclustermgr
1098/tcp  unknown rmiactivation
1099/tcp  unknown rmiregistry
1100/tcp  unknown mctp
1102/tcp  unknown adobeserver-1
1104/tcp  unknown xrl
1105/tcp  unknown ftranhc
1106/tcp  unknown isoipsigport-1
1107/tcp  unknown isoipsigport-2
1108/tcp  unknown ratio-adp
1110/tcp  unknown nfsd-status
1111/tcp  unknown lmsocialserver
1112/tcp  unknown msql
1113/tcp  unknown ltp-deepspace
1114/tcp  unknown mini-sql
1117/tcp  unknown ardus-mtrns
1119/tcp  unknown bnetgame
1121/tcp  unknown rmpp
1122/tcp  unknown availant-mgr
1123/tcp  unknown murray
1124/tcp  unknown hpvmmcontrol
1126/tcp  unknown hpvmmdata
1130/tcp  unknown casp
1131/tcp  unknown caspssl
1132/tcp  unknown kvm-via-ip
1137/tcp  unknown trim
1138/tcp  unknown encrypted_admin
1141/tcp  unknown mxomss
1145/tcp  unknown x9-icue
1147/tcp  unknown capioverlan
1148/tcp  unknown elfiq-repl
1149/tcp  unknown bvtsonar
1151/tcp  unknown unizensus
1152/tcp  unknown winpoplanmess
1154/tcp  unknown resacommunity
1163/tcp  unknown sddp
1164/tcp  unknown qsm-proxy
1165/tcp  unknown qsm-gui
1166/tcp  unknown qsm-remote
1169/tcp  unknown tripwire
1174/tcp  unknown fnet-remote-ui
1175/tcp  unknown dossier
1183/tcp  unknown llsurfup-http
1185/tcp  unknown catchpole
1186/tcp  unknown mysql-cluster
1187/tcp  unknown alias
1192/tcp  unknown caids-sensor
1198/tcp  unknown cajo-discovery
1199/tcp  unknown dmidi
1201/tcp  unknown nucleus-sand
1213/tcp  unknown mpc-lifenet
1216/tcp  unknown etebac5
1217/tcp  unknown hpss-ndapi
1218/tcp  unknown aeroflight-ads
1233/tcp  unknown univ-appserver
1234/tcp  unknown hotline
1236/tcp  unknown bvcontrol
1244/tcp  unknown isbconference1
1247/tcp  unknown visionpyramid
1248/tcp  unknown hermes
1259/tcp  unknown opennl-voice
1271/tcp  unknown excw
1272/tcp  unknown cspmlockmgr
1277/tcp  unknown miva-mqs
1287/tcp  unknown routematch
1296/tcp  unknown dproxy
1300/tcp  unknown h323hostcallsc
1301/tcp  unknown ci3-software-1
1309/tcp  unknown jtag-server
1310/tcp  unknown husky
1311/tcp  unknown rxmon
1322/tcp  unknown novation
1328/tcp  unknown ewall
1334/tcp  unknown writesrv
1352/tcp  unknown lotusnotes
1417/tcp  unknown timbuktu-srv1
1433/tcp  unknown ms-sql-s
1434/tcp  unknown ms-sql-m
1443/tcp  unknown ies-lm
1455/tcp  unknown esl-lm
1461/tcp  unknown ibm_wrless_lan
1494/tcp  unknown citrix-ica
1500/tcp  unknown vlsi-lm
1501/tcp  unknown sas-3
1503/tcp  unknown imtc-mcs
1521/tcp  unknown oracle
1524/tcp  unknown ingreslock
1533/tcp  unknown virtual-places
1556/tcp  unknown veritas_pbx
1580/tcp  unknown tn-tl-r1
1583/tcp  unknown simbaexpress
1594/tcp  unknown sixtrak
1600/tcp  unknown issd
1641/tcp  unknown invision
1658/tcp  unknown sixnetudr
1666/tcp  unknown netview-aix-6
1687/tcp  unknown nsjtp-ctrl
1688/tcp  unknown nsjtp-data
1700/tcp  unknown mps-raft
1717/tcp  unknown fj-hdnet
1718/tcp  unknown h323gatedisc
1719/tcp  unknown h323gatestat
1720/tcp  unknown H.323/Q.931
1721/tcp  unknown caicci
1723/tcp  unknown pptp
1755/tcp  unknown wms
1761/tcp  unknown landesk-rc
1782/tcp  unknown hp-hcip
1783/tcp  unknown unknown
1801/tcp  unknown msmq
1805/tcp  unknown enl-name
1812/tcp  unknown radius
1839/tcp  unknown netopia-vo1
1840/tcp  unknown netopia-vo2
1862/tcp  unknown mysql-cm-agent
1863/tcp  unknown msnp
1864/tcp  unknown paradym-31
1875/tcp  unknown westell-stats
1900/tcp  unknown upnp
1914/tcp  unknown elm-momentum
1935/tcp  unknown rtmp
1947/tcp  unknown sentinelsrm
1971/tcp  unknown netop-school
1972/tcp  unknown intersys-cache
1974/tcp  unknown drp
1984/tcp  unknown bigbrother
1998/tcp  unknown x25-svc-port
1999/tcp  unknown tcp-id-port
2000/tcp  unknown cisco-sccp
2001/tcp  unknown dc
2002/tcp  unknown globe
2003/tcp  unknown finger
2004/tcp  unknown mailbox
2005/tcp  unknown deslogin
2006/tcp  unknown invokator
2007/tcp  unknown dectalk
2008/tcp  unknown conf
2009/tcp  unknown news
2010/tcp  unknown search
2013/tcp  unknown raid-am
2020/tcp  unknown xinupageserver
2021/tcp  unknown servexec
2022/tcp  unknown down
2030/tcp  unknown device2
2033/tcp  unknown glogger
2034/tcp  unknown scoremgr
2035/tcp  unknown imsldoc
2038/tcp  unknown objectmanager
2040/tcp  unknown lam
2041/tcp  unknown interbase
2042/tcp  unknown isis
2043/tcp  unknown isis-bcast
2045/tcp  unknown cdfunc
2046/tcp  unknown sdfunc
2047/tcp  unknown dls
2048/tcp  unknown dls-monitor
2049/tcp  unknown nfs
2065/tcp  unknown dlsrpn
2068/tcp  unknown advocentkvm
2099/tcp  unknown h2250-annex-g
2100/tcp  unknown amiganetfs
2103/tcp  unknown zephyr-clt
2105/tcp  unknown eklogin
2106/tcp  unknown ekshell
2107/tcp  unknown msmq-mgmt
2111/tcp  unknown kx
2119/tcp  unknown gsigatekeeper
2121/tcp  unknown ccproxy-ftp
2126/tcp  unknown pktcable-cops
2135/tcp  unknown gris
2144/tcp  unknown lv-ffx
2160/tcp  unknown apc-2160
2161/tcp  unknown apc-agent
2170/tcp  unknown eyetv
2179/tcp  unknown vmrdp
2190/tcp  unknown tivoconnect
2191/tcp  unknown tvbus
2196/tcp  unknown unknown
2200/tcp  unknown ici
2222/tcp  unknown EtherNet/IP-1
2251/tcp  unknown dif-port
2260/tcp  unknown apc-2260
2288/tcp  unknown netml
2301/tcp  unknown compaqdiag
2323/tcp  unknown 3d-nfsd
2366/tcp  unknown qip-login
2381/tcp  unknown compaq-https
2382/tcp  unknown ms-olap3
2383/tcp  unknown ms-olap4
2393/tcp  unknown ms-olap1
2394/tcp  unknown ms-olap2
2399/tcp  unknown fmpro-fdal
2401/tcp  unknown cvspserver
2492/tcp  unknown groove
2500/tcp  unknown rtsserv
2522/tcp  unknown windb
2525/tcp  unknown ms-v-worlds
2557/tcp  unknown nicetec-mgmt
2601/tcp  unknown zebra
2602/tcp  unknown ripd
2604/tcp  unknown ospfd
2605/tcp  unknown bgpd
2607/tcp  unknown connection
2608/tcp  unknown wag-service
2638/tcp  unknown sybase
2701/tcp  unknown sms-rcinfo
2702/tcp  unknown sms-xfer
2710/tcp  unknown sso-service
2717/tcp  unknown pn-requester
2718/tcp  unknown pn-requester2
2725/tcp  unknown msolap-ptp2
2800/tcp  unknown acc-raid
2809/tcp  unknown corbaloc
2811/tcp  unknown gsiftp
2869/tcp  unknown icslap
2875/tcp  unknown dxmessagebase2
2909/tcp  unknown funk-dialout
2910/tcp  unknown tdaccess
2920/tcp  unknown roboeda
2967/tcp  unknown symantec-av
2968/tcp  unknown enpp
2998/tcp  unknown iss-realsec
3000/tcp  unknown ppp
3001/tcp  unknown nessus
3003/tcp  unknown cgms
3005/tcp  unknown deslogin
3006/tcp  unknown deslogind
3007/tcp  unknown lotusmtap
3011/tcp  unknown trusted-web
3013/tcp  unknown gilatskysurfer
3017/tcp  unknown event_listener
3030/tcp  unknown arepa-cas
3031/tcp  unknown eppc
3052/tcp  unknown powerchute
3071/tcp  unknown csd-mgmt-port
3077/tcp  unknown orbix-loc-ssl
3128/tcp  unknown squid-http
3168/tcp  unknown poweronnud
3211/tcp  unknown avsecuremgmt
3221/tcp  unknown xnm-clear-text
3260/tcp  unknown iscsi
3261/tcp  unknown winshadow
3268/tcp  unknown globalcatLDAP
3269/tcp  unknown globalcatLDAPssl
3283/tcp  unknown netassistant
3300/tcp  unknown unknown
3301/tcp  unknown unknown
3306/tcp  unknown mysql
3322/tcp  unknown active-net
3323/tcp  unknown active-net
3324/tcp  unknown active-net
3325/tcp  unknown active-net
3333/tcp  unknown dec-notes
3351/tcp  unknown btrieve
3367/tcp  unknown satvid-datalnk
3369/tcp  unknown satvid-datalnk
3370/tcp  unknown satvid-datalnk
3371/tcp  unknown satvid-datalnk
3372/tcp  unknown msdtc
3389/tcp  unknown ms-wbt-server
3390/tcp  unknown dsc
3404/tcp  unknown unknown
3476/tcp  unknown nppmp
3493/tcp  unknown nut
3517/tcp  unknown 802-11-iapp
3527/tcp  unknown beserver-msg-q
3546/tcp  unknown unknown
3551/tcp  unknown apcupsd
3580/tcp  unknown nati-svrloc
3659/tcp  unknown apple-sasl
3689/tcp  unknown rendezvous
3690/tcp  unknown svn
3703/tcp  unknown adobeserver-3
3737/tcp  unknown xpanel
3766/tcp  unknown unknown
3784/tcp  unknown bfd-control
3800/tcp  unknown pwgpsi
3801/tcp  unknown ibm-mgr
3809/tcp  unknown apocd
3814/tcp  unknown neto-dcs
3826/tcp  unknown wormux
3827/tcp  unknown netmpi
3828/tcp  unknown neteh
3851/tcp  unknown spectraport
3869/tcp  unknown ovsam-mgmt
3871/tcp  unknown avocent-adsap
3878/tcp  unknown fotogcad
3880/tcp  unknown igrs
3889/tcp  unknown dandv-tester
3905/tcp  unknown mupdate
3914/tcp  unknown listcrt-port-2
3918/tcp  unknown pktcablemmcops
3920/tcp  unknown exasoftport1
3945/tcp  unknown emcads
3971/tcp  unknown lanrevserver
3986/tcp  unknown mapper-ws_ethd
3995/tcp  unknown iss-mgmt-ssl
3998/tcp  unknown dnx
4000/tcp  unknown remoteanything
4001/tcp  unknown newoak
4002/tcp  unknown mlchat-proxy
4003/tcp  unknown pxc-splr-ft
4004/tcp  unknown pxc-roid
4005/tcp  unknown pxc-pin
4006/tcp  unknown pxc-spvr
4045/tcp  unknown lockd
4111/tcp  unknown xgrid
4125/tcp  unknown rww
4126/tcp  unknown ddrepl
4129/tcp  unknown nuauth
4224/tcp  unknown xtell
4242/tcp  unknown vrml-multi-use
4279/tcp  unknown vrml-multi-use
4321/tcp  unknown rwhois
4343/tcp  unknown unicall
4443/tcp  unknown pharos
4444/tcp  unknown krb524
4445/tcp  unknown upnotifyp
4446/tcp  unknown n1-fwp
4449/tcp  unknown privatewire
4550/tcp  unknown gds-adppiw-db
4567/tcp  unknown tram
4662/tcp  unknown edonkey
4848/tcp  unknown appserv-http
4899/tcp  unknown radmin
4900/tcp  unknown hfcs
4998/tcp  unknown maybe-veritas
5000/tcp  unknown upnp
5001/tcp  unknown commplex-link
5002/tcp  unknown rfe
5003/tcp  unknown filemaker
5004/tcp  unknown avt-profile-1
5009/tcp  unknown airport-admin
5030/tcp  unknown surfpass
5033/tcp  unknown unknown
5050/tcp  unknown mmcc
5051/tcp  unknown ida-agent
5054/tcp  unknown rlm-admin
5060/tcp  unknown sip
5061/tcp  unknown sip-tls
5080/tcp  unknown onscreen
5087/tcp  unknown unknown
5100/tcp  unknown admd
5101/tcp  unknown admdog
5102/tcp  unknown admeng
5120/tcp  unknown unknown
5190/tcp  unknown aol
5200/tcp  unknown targus-getdata
5214/tcp  unknown unknown
5221/tcp  unknown 3exmp
5222/tcp  unknown xmpp-client
5225/tcp  unknown hp-server
5226/tcp  unknown hp-status
5269/tcp  unknown xmpp-server
5280/tcp  unknown xmpp-bosh
5298/tcp  unknown presence
5357/tcp  unknown wsdapi
5405/tcp  unknown pcduo
5414/tcp  unknown statusd
5431/tcp  unknown park-agent
5432/tcp  unknown postgresql
5440/tcp  unknown unknown
5500/tcp  unknown hotline
5510/tcp  unknown secureidprop
5544/tcp  unknown unknown
5550/tcp  unknown sdadmind
5555/tcp  unknown freeciv
5560/tcp  unknown isqlplus
5566/tcp  unknown westec-connect
5631/tcp  unknown pcanywheredata
5633/tcp  unknown beorl
5666/tcp  unknown nrpe
5678/tcp  unknown rrac
5679/tcp  unknown activesync
5718/tcp  unknown dpm
5730/tcp  unknown unieng
5800/tcp  unknown vnc-http
5801/tcp  unknown vnc-http-1
5802/tcp  unknown vnc-http-2
5810/tcp  unknown unknown
5811/tcp  unknown unknown
5815/tcp  unknown unknown
5822/tcp  unknown unknown
5825/tcp  unknown unknown
5850/tcp  unknown unknown
5859/tcp  unknown wherehoo
5862/tcp  unknown unknown
5877/tcp  unknown unknown
5900/tcp  unknown vnc
5901/tcp  unknown vnc-1
5902/tcp  unknown vnc-2
5903/tcp  unknown vnc-3
5904/tcp  unknown unknown
5906/tcp  unknown unknown
5907/tcp  unknown unknown
5910/tcp  unknown cm
5911/tcp  unknown cpdlc
5915/tcp  unknown unknown
5922/tcp  unknown unknown
5925/tcp  unknown unknown
5950/tcp  unknown unknown
5952/tcp  unknown unknown
5959/tcp  unknown unknown
5960/tcp  unknown unknown
5961/tcp  unknown unknown
5962/tcp  unknown unknown
5963/tcp  unknown indy
5987/tcp  unknown wbem-rmi
5988/tcp  unknown wbem-http
5989/tcp  unknown wbem-https
5998/tcp  unknown ncd-diag
5999/tcp  unknown ncd-conf
6000/tcp  unknown X11
6001/tcp  unknown X11:1
6002/tcp  unknown X11:2
6003/tcp  unknown X11:3
6004/tcp  unknown X11:4
6005/tcp  unknown X11:5
6006/tcp  unknown X11:6
6007/tcp  unknown X11:7
6009/tcp  unknown X11:9
6025/tcp  unknown x11
6059/tcp  unknown X11:59
6100/tcp  unknown synchronet-db
6101/tcp  unknown backupexec
6106/tcp  unknown isdninfo
6112/tcp  unknown dtspc
6123/tcp  unknown backup-express
6129/tcp  unknown unknown
6156/tcp  unknown unknown
6346/tcp  unknown gnutella
6389/tcp  unknown clariion-evr01
6502/tcp  unknown netop-rc
6510/tcp  unknown mcer-port
6543/tcp  unknown mythtv
6547/tcp  unknown powerchuteplus
6565/tcp  unknown unknown
6566/tcp  unknown sane-port
6567/tcp  unknown esp
6580/tcp  unknown parsec-master
6646/tcp  unknown unknown
6666/tcp  unknown irc
6667/tcp  unknown irc
6668/tcp  unknown irc
6669/tcp  unknown irc
6689/tcp  unknown tsa
6692/tcp  unknown unknown
6699/tcp  unknown napster
6779/tcp  unknown unknown
6788/tcp  unknown smc-http
6789/tcp  unknown ibm-db2-admin
6792/tcp  unknown unknown
6839/tcp  unknown unknown
6881/tcp  unknown bittorrent-tracker
6901/tcp  unknown jetstream
6969/tcp  unknown acmsoda
7000/tcp  unknown afs3-fileserver
7001/tcp  unknown afs3-callback
7002/tcp  unknown afs3-prserver
7004/tcp  unknown afs3-kaserver
7007/tcp  unknown afs3-bos
7019/tcp  unknown unknown
7025/tcp  unknown vmsvc-2
7070/tcp  unknown realserver
7100/tcp  unknown font-service
7103/tcp  unknown unknown
7106/tcp  unknown unknown
7200/tcp  unknown fodms
7201/tcp  unknown dlip
7402/tcp  unknown rtps-dd-mt
7435/tcp  unknown unknown
7443/tcp  unknown oracleas-https
7496/tcp  unknown unknown
7512/tcp  unknown unknown
7625/tcp  unknown unknown
7627/tcp  unknown soap-http
7676/tcp  unknown imqbrokerd
7741/tcp  unknown scriptview
7777/tcp  unknown cbt
7778/tcp  unknown interwise
7800/tcp  unknown asr
7911/tcp  unknown unknown
7920/tcp  unknown unknown
7921/tcp  unknown unknown
7937/tcp  unknown nsrexecd
7938/tcp  unknown lgtomapper
7999/tcp  unknown irdmi2
8000/tcp  unknown http-alt
8001/tcp  unknown vcom-tunnel
8002/tcp  unknown teradataordbms
8007/tcp  unknown ajp12
8008/tcp  unknown http
8009/tcp  unknown ajp13
8010/tcp  unknown xmpp
8011/tcp  unknown unknown
8021/tcp  unknown ftp-proxy
8022/tcp  unknown oa-system
8031/tcp  unknown unknown
8042/tcp  unknown fs-agent
8045/tcp  unknown unknown
8080/tcp  unknown http-proxy
8081/tcp  unknown blackice-icecap
8082/tcp  unknown blackice-alerts
8083/tcp  unknown us-srv
8084/tcp  unknown unknown
8085/tcp  unknown unknown
8086/tcp  unknown d-s-n
8087/tcp  unknown simplifymedia
8088/tcp  unknown radan-http
8089/tcp  unknown unknown
8090/tcp  unknown unknown
8093/tcp  unknown unknown
8099/tcp  unknown unknown
8100/tcp  unknown xprint-server
8180/tcp  unknown unknown
8181/tcp  unknown unknown
8192/tcp  unknown sophos
8193/tcp  unknown sophos
8194/tcp  unknown sophos
8200/tcp  unknown trivnet1
8222/tcp  unknown unknown
8254/tcp  unknown unknown
8290/tcp  unknown unknown
8291/tcp  unknown unknown
8292/tcp  unknown blp3
8300/tcp  unknown tmi
8333/tcp  unknown unknown
8383/tcp  unknown m2mservices
8400/tcp  unknown cvd
8402/tcp  unknown abarsd
8443/tcp  unknown https-alt
8500/tcp  unknown fmtp
8600/tcp  unknown asterix
8649/tcp  unknown unknown
8651/tcp  unknown unknown
8652/tcp  unknown unknown
8654/tcp  unknown unknown
8701/tcp  unknown unknown
8800/tcp  unknown sunwebadmin
8873/tcp  unknown dxspider
8888/tcp  unknown sun-answerbook
8899/tcp  unknown ospf-lite
8994/tcp  unknown unknown
9000/tcp  unknown cslistener
9001/tcp  unknown tor-orport
9002/tcp  unknown dynamid
9003/tcp  unknown unknown
9009/tcp  unknown pichat
9010/tcp  unknown sdr
9011/tcp  unknown unknown
9040/tcp  unknown tor-trans
9050/tcp  unknown tor-socks
9071/tcp  unknown unknown
9080/tcp  unknown glrpc
9081/tcp  unknown unknown
9090/tcp  unknown zeus-admin
9091/tcp  unknown xmltec-xmlmail
9099/tcp  unknown unknown
9100/tcp  unknown jetdirect
9101/tcp  unknown jetdirect
9102/tcp  unknown jetdirect
9103/tcp  unknown jetdirect
9110/tcp  unknown unknown
9111/tcp  unknown DragonIDSConsole
9200/tcp  unknown wap-wsp
9207/tcp  unknown wap-vcal-s
9220/tcp  unknown unknown
9290/tcp  unknown unknown
9415/tcp  unknown unknown
9418/tcp  unknown git
9485/tcp  unknown unknown
9500/tcp  unknown ismserver
9502/tcp  unknown unknown
9503/tcp  unknown unknown
9535/tcp  unknown man
9575/tcp  unknown unknown
9593/tcp  unknown cba8
9594/tcp  unknown msgsys
9595/tcp  unknown pds
9618/tcp  unknown condor
9666/tcp  unknown unknown
9876/tcp  unknown sd
9877/tcp  unknown unknown
9878/tcp  unknown unknown
9898/tcp  unknown monkeycom
9900/tcp  unknown iua
9917/tcp  unknown unknown
9929/tcp  unknown nping-echo
9943/tcp  unknown unknown
9944/tcp  unknown unknown
9968/tcp  unknown unknown
9998/tcp  unknown distinct32
9999/tcp  unknown abyss
10000/tcp unknown snet-sensor-mgmt
10001/tcp unknown scp-config
10002/tcp unknown documentum
10003/tcp unknown documentum_s
10004/tcp unknown emcrmirccd
10009/tcp unknown swdtp-sv
10010/tcp unknown rxapi
10012/tcp unknown unknown
10024/tcp unknown unknown
10025/tcp unknown unknown
10082/tcp unknown amandaidx
10180/tcp unknown unknown
10215/tcp unknown unknown
10243/tcp unknown unknown
10566/tcp unknown unknown
10616/tcp unknown unknown
10617/tcp unknown unknown
10621/tcp unknown unknown
10626/tcp unknown unknown
10628/tcp unknown unknown
10629/tcp unknown unknown
10778/tcp unknown unknown
11110/tcp unknown unknown
11111/tcp unknown vce
11967/tcp unknown sysinfo-sp
12000/tcp unknown cce4x
12174/tcp unknown unknown
12265/tcp unknown unknown
12345/tcp unknown netbus
13456/tcp unknown unknown
13722/tcp unknown netbackup
13782/tcp unknown netbackup
13783/tcp unknown netbackup
14000/tcp unknown scotty-ft
14238/tcp unknown unknown
14441/tcp unknown unknown
14442/tcp unknown unknown
15000/tcp unknown hydap
15002/tcp unknown unknown
15003/tcp unknown unknown
15004/tcp unknown unknown
15660/tcp unknown bex-xr
15742/tcp unknown unknown
16000/tcp unknown fmsas
16001/tcp unknown fmsascon
16012/tcp unknown unknown
16016/tcp unknown unknown
16018/tcp unknown unknown
16080/tcp unknown osxwebadmin
16113/tcp unknown unknown
16992/tcp unknown amt-soap-http
16993/tcp unknown amt-soap-https
17877/tcp unknown unknown
17988/tcp unknown unknown
18040/tcp unknown unknown
18101/tcp unknown unknown
18988/tcp unknown unknown
19101/tcp unknown unknown
19283/tcp unknown keysrvr
19315/tcp unknown keyshadow
19350/tcp unknown unknown
19780/tcp unknown unknown
19801/tcp unknown unknown
19842/tcp unknown unknown
20000/tcp unknown dnp
20005/tcp unknown btx
20031/tcp unknown unknown
20221/tcp unknown unknown
20222/tcp unknown ipulse-ics
20828/tcp unknown unknown
21571/tcp unknown unknown
22939/tcp unknown unknown
23502/tcp unknown unknown
24444/tcp unknown unknown
24800/tcp unknown unknown
25734/tcp unknown unknown
25735/tcp unknown unknown
26214/tcp unknown unknown
27000/tcp unknown flexlm0
27352/tcp unknown unknown
27353/tcp unknown unknown
27355/tcp unknown unknown
27356/tcp unknown unknown
27715/tcp unknown unknown
28201/tcp unknown unknown
30000/tcp unknown unknown
30718/tcp unknown unknown
30951/tcp unknown unknown
31038/tcp unknown unknown
31337/tcp unknown Elite
32768/tcp unknown filenet-tms
32769/tcp unknown filenet-rpc
32770/tcp unknown sometimes-rpc3
32771/tcp unknown sometimes-rpc5
32772/tcp unknown sometimes-rpc7
32773/tcp unknown sometimes-rpc9
32774/tcp unknown sometimes-rpc11
32775/tcp unknown sometimes-rpc13
32776/tcp unknown sometimes-rpc15
32777/tcp unknown sometimes-rpc17
32778/tcp unknown sometimes-rpc19
32779/tcp unknown sometimes-rpc21
32780/tcp unknown sometimes-rpc23
32781/tcp unknown unknown
32782/tcp unknown unknown
32783/tcp unknown unknown
32784/tcp unknown unknown
32785/tcp unknown unknown
33354/tcp unknown unknown
33899/tcp unknown unknown
34571/tcp unknown unknown
34572/tcp unknown unknown
34573/tcp unknown unknown
35500/tcp unknown unknown
38292/tcp unknown landesk-cba
40193/tcp unknown unknown
40911/tcp unknown unknown
41511/tcp unknown unknown
42510/tcp unknown caerpc
44176/tcp unknown unknown
44442/tcp unknown coldfusion-auth
44443/tcp unknown coldfusion-auth
44501/tcp unknown unknown
45100/tcp unknown unknown
48080/tcp unknown unknown
49152/tcp unknown unknown
49153/tcp unknown unknown
49154/tcp unknown unknown
49155/tcp unknown unknown
49156/tcp unknown unknown
49157/tcp unknown unknown
49158/tcp unknown unknown
49159/tcp unknown unknown
49160/tcp unknown unknown
49161/tcp unknown unknown
49163/tcp unknown unknown
49165/tcp unknown unknown
49167/tcp unknown unknown
49175/tcp unknown unknown
49176/tcp unknown unknown
49400/tcp unknown compaqdiag
49999/tcp unknown unknown
50000/tcp unknown ibm-db2
50001/tcp unknown unknown
50002/tcp unknown iiimsf
50003/tcp unknown unknown
50006/tcp unknown unknown
50300/tcp unknown unknown
50389/tcp unknown unknown
50500/tcp unknown unknown
50636/tcp unknown unknown
50800/tcp unknown unknown
51103/tcp unknown unknown
51493/tcp unknown unknown
52673/tcp unknown unknown
52822/tcp unknown unknown
52848/tcp unknown unknown
52869/tcp unknown unknown
54045/tcp unknown unknown
54328/tcp unknown unknown
55055/tcp unknown unknown
55056/tcp unknown unknown
55555/tcp unknown unknown
55600/tcp unknown unknown
56737/tcp unknown unknown
56738/tcp unknown unknown
57294/tcp unknown unknown
57797/tcp unknown unknown
58080/tcp unknown unknown
60020/tcp unknown unknown
60443/tcp unknown unknown
61532/tcp unknown unknown
61900/tcp unknown unknown
62078/tcp unknown iphone-sync
63331/tcp unknown unknown
64623/tcp unknown unknown
64680/tcp unknown unknown
65000/tcp unknown unknown
65129/tcp unknown unknown
65389/tcp unknown unknown

Nmap scan report for 10.30.1.120
Host is up (0.0072s latency).
Not shown: 996 closed ports
PORT    STATE SERVICE
53/tcp  open  domain
135/tcp open  msrpc
139/tcp open  netbios-ssn
445/tcp open  microsoft-ds
MAC Address: 08:00:27:32:D7:99 (Cadmus Computer Systems)

Nmap done: 255 IP addresses (2 hosts up) scanned in 32.59 seconds

C:\Program Files\Nmap>net use e: \\10.30.1.120\C$ ringo /USER:10.30.1.120\ringo
net use e: \\10.30.1.120\C$ ringo /USER:10.30.1.120\ringo
System error 1326 has occurred.

Logon failure: unknown user name or bad password.


C:\Program Files\Nmap>net use e: \\10.30.1.120\C$ ringo /USER:10.30.1.120\ringo
net use e: \\10.30.1.120\C$ ringo /USER:10.30.1.120\ringo
The command completed successfully.


C:\Program Files\Nmap>e:
e:

E:\>dir
dir
 Volume in drive E has no label.
 Volume Serial Number is 9485-3661

 Directory of E:\

05/27/2018  07:23 PM    <DIR>          analysis
05/13/2018  02:45 PM                 0 AUTOEXEC.BAT
05/13/2018  02:45 PM                 0 CONFIG.SYS
05/27/2018  05:25 PM    <DIR>          Documents and Settings
05/13/2018  03:31 PM    <DIR>          DualServer
05/27/2018  07:14 PM    <DIR>          Program Files
05/13/2018  03:26 PM    <DIR>          WINDOWS
               2 File(s)              0 bytes
               5 Dir(s)  25,336,102,912 bytes free

E:\>cd documents and settings
cd documents and settings

E:\Documents and Settings>dir
dir
 Volume in drive E has no label.
 Volume Serial Number is 9485-3661

 Directory of E:\Documents and Settings

05/27/2018  05:25 PM    <DIR>          .
05/27/2018  05:25 PM    <DIR>          ..
05/13/2018  02:45 PM    <DIR>          All Users
05/13/2018  02:48 PM    <DIR>          jon
05/27/2018  05:25 PM    <DIR>          ringo
               0 File(s)              0 bytes
               5 Dir(s)  25,336,102,912 bytes free

E:\Documents and Settings>cd jon
cd jon

E:\Documents and Settings\jon>cd desktop
cd desktop

E:\Documents and Settings\jon\Desktop>dir
dir
 Volume in drive E has no label.
 Volume Serial Number is 9485-3661

 Directory of E:\Documents and Settings\jon\Desktop

05/27/2018  07:22 PM    <DIR>          .
05/27/2018  07:22 PM    <DIR>          ..
03/18/2018  07:10 PM         1,164,778 DualServerInstallerV7.38.exe
05/27/2018  07:23 PM                76 startWireless.bat
05/13/2018  03:28 PM    <DIR>          VM_Tools
05/13/2018  03:04 PM        20,960,472 Wireshark-win32-1.8.3.exe
               3 File(s)     22,125,326 bytes
               3 Dir(s)  25,336,102,912 bytes free

E:\Documents and Settings\jon\Desktop>cd ..
cd ..

E:\Documents and Settings\jon>cd..
cd..

E:\Documents and Settings>cd ringo
cd ringo

E:\Documents and Settings\ringo>dir
dir
 Volume in drive E has no label.
 Volume Serial Number is 9485-3661

 Directory of E:\Documents and Settings\ringo

05/27/2018  05:25 PM    <DIR>          .
05/27/2018  05:25 PM    <DIR>          ..
05/27/2018  05:28 PM    <DIR>          Desktop
05/27/2018  05:25 PM    <DIR>          Favorites
05/27/2018  05:25 PM    <DIR>          My Documents
05/13/2018  07:42 AM    <DIR>          Start Menu
               0 File(s)              0 bytes
               6 Dir(s)  25,336,102,912 bytes free

E:\Documents and Settings\ringo>cd desktop
cd desktop

E:\Documents and Settings\ringo\Desktop>dir
dir
 Volume in drive E has no label.
 Volume Serial Number is 9485-3661

 Directory of E:\Documents and Settings\ringo\Desktop

05/27/2018  05:28 PM    <DIR>          .
05/27/2018  05:28 PM    <DIR>          ..
05/27/2018  05:19 PM               158 SuperSecret Recipe.txt
               1 File(s)            158 bytes
               2 Dir(s)  25,336,102,912 bytes free

E:\Documents and Settings\ringo\Desktop>type Supersecret Recipe.txt
type Supersecret Recipe.txt
The system cannot find the file specified.
Error occurred while processing: Supersecret.
The system cannot find the file specified.
Error occurred while processing: Recipe.txt.

E:\Documents and Settings\ringo\Desktop>type "Supersecret Recipe.txt"
type "Supersecret Recipe.txt"
This is the super secret recipe that I dont know anyone to know.

1. Eggs
2. Cheese
3. Salt and pepper to taste
4. Sourdough Bread
5. Crispy thick bacon
E:\Documents and Settings\ringo\Desktop>GOT IT!
GOT IT!
'GOT' is not recognized as an internal or external command,
operable program or batch file.

E:\Documents and Settings\ringo\Desktop>Microsoft Windows XP [Version 5.1.2600]
(C) Copyright 1985-2001 Microsoft Corp.

C:\WINDOWS\system32>cd \
cd \

C:\>dir
dir
 Volume in drive C has no label.
 Volume Serial Number is 9485-3661

 Directory of C:\

05/28/2018  04:55 PM               460 a
05/28/2018  04:55 PM    <DIR>          analysis
05/13/2018  02:45 PM                 0 AUTOEXEC.BAT
05/13/2018  02:45 PM                 0 CONFIG.SYS
05/27/2018  06:07 PM    <DIR>          Documents and Settings
05/13/2018  03:31 PM    <DIR>          DualServer
05/28/2018  08:20 PM    <DIR>          nmap-6.00-win32
05/28/2018  03:07 PM        19,193,787 nmap-6.00-win32.zip
05/28/2018  04:51 PM    <DIR>          Program Files
05/28/2018  07:48 PM           339,096 psexec.exe
05/28/2018  07:51 PM    <DIR>          WINDOWS
               5 File(s)     19,533,343 bytes
               6 Dir(s)  25,256,030,208 bytes free

C:\>cd nmap-6.00-win32
cd nmap-6.00-win32

C:\nmap-6.00-win32>dir
dir
 Volume in drive C has no label.
 Volume Serial Number is 9485-3661

 Directory of C:\nmap-6.00-win32

05/28/2018  08:20 PM    <DIR>          .
05/28/2018  08:20 PM    <DIR>          ..
05/28/2018  08:20 PM    <DIR>          nmap-6.00
               0 File(s)              0 bytes
               3 Dir(s)  25,256,030,208 bytes free

C:\nmap-6.00-win32>cd nmap-6.00
cd nmap-6.00

C:\nmap-6.00-win32\nmap-6.00>ipconfig
ipconfig


Windows IP Configuration





Ethernet adapter Local Area Connection 2:



        Connection-specific DNS Suffix  . : 

        IP Address. . . . . . . . . . . . : 10.30.1.20

        Subnet Mask . . . . . . . . . . . : 255.255.255.0

        Default Gateway . . . . . . . . . : 



Ethernet adapter Local Area Connection:



        Connection-specific DNS Suffix  . : 

        IP Address. . . . . . . . . . . . : 10.10.1.20

        Subnet Mask . . . . . . . . . . . : 255.255.255.0

        Default Gateway . . . . . . . . . : 10.10.1.1


C:\nmap-6.00-win32\nmap-6.00>nmap -h
nmap -h

C:\nmap-6.00-win32\nmap-6.00>dir
dir
 Volume in drive C has no label.
 Volume Serial Number is 9485-3661

 Directory of C:\nmap-6.00-win32\nmap-6.00

05/28/2018  08:20 PM    <DIR>          .
05/28/2018  08:20 PM    <DIR>          ..
05/19/2012  02:11 PM            71,331 3rd-party-licenses.txt
05/19/2012  02:11 PM           511,499 ca-bundle.crt
05/19/2012  02:11 PM           573,501 CHANGELOG
05/19/2012  02:11 PM            25,149 COPYING
03/14/2012  07:07 PM         1,142,784 libeay32.dll
05/28/2018  08:20 PM    <DIR>          licenses
05/19/2012  02:11 PM           186,880 ncat.exe
05/19/2012  02:11 PM               933 ndiff.bat
05/19/2012  02:11 PM            52,432 ndiff.py
05/19/2012  02:11 PM           400,733 nmap-mac-prefixes
05/19/2012  02:11 PM         3,170,363 nmap-os-db
05/19/2012  02:11 PM             9,981 nmap-payloads
05/19/2012  02:11 PM             6,304 nmap-protocols
05/19/2012  02:11 PM            49,240 nmap-rpc
05/19/2012  02:11 PM         1,543,300 nmap-service-probes
05/19/2012  02:11 PM           621,833 nmap-services
05/19/2012  02:11 PM         1,385,984 nmap-update.exe
05/19/2012  02:11 PM         1,825,280 nmap.exe
05/19/2012  02:11 PM            31,935 nmap.xsl
05/19/2012  02:11 PM               192 nmap_performance.reg
05/19/2012  02:11 PM           302,592 nping.exe
05/28/2018  08:20 PM    <DIR>          nselib
05/19/2012  02:11 PM            42,664 nse_main.lua
05/19/2012  02:11 PM               185 README-WIN32
05/28/2018  08:20 PM    <DIR>          scripts
03/14/2012  07:07 PM           237,056 ssleay32.dll
05/19/2012  02:11 PM         4,481,368 vcredist2008_x86.exe
05/19/2012  02:11 PM         9,034,584 vcredist_x86.exe
05/19/2012  02:11 PM           428,158 winpcap-nmap-4.12.exe
              26 File(s)     26,136,261 bytes
               5 Dir(s)  25,256,026,112 bytes free

C:\nmap-6.00-win32\nmap-6.00>nmap.exe /?
nmap.exe /?

C:\nmap-6.00-win32\nmap-6.00>nmap.exe -p 10.30.1.1/24
nmap.exe -p 10.30.1.1/24

C:\nmap-6.00-win32\nmap-6.00>nmap.exe -sT 10.30.1.1-255
nmap.exe -sT 10.30.1.1-255

C:\nmap-6.00-win32\nmap-6.00>nmap.exe -sT 10.30.1.1-255 >output.txt
nmap.exe -sT 10.30.1.1-255 >output.txt

C:\nmap-6.00-win32\nmap-6.00>dir
dir
 Volume in drive C has no label.
 Volume Serial Number is 9485-3661

 Directory of C:\nmap-6.00-win32\nmap-6.00

05/28/2018  08:26 PM    <DIR>          .
05/28/2018  08:26 PM    <DIR>          ..
05/19/2012  02:11 PM            71,331 3rd-party-licenses.txt
05/19/2012  02:11 PM           511,499 ca-bundle.crt
05/19/2012  02:11 PM           573,501 CHANGELOG
05/19/2012  02:11 PM            25,149 COPYING
03/14/2012  07:07 PM         1,142,784 libeay32.dll
05/28/2018  08:20 PM    <DIR>          licenses
05/19/2012  02:11 PM           186,880 ncat.exe
05/19/2012  02:11 PM               933 ndiff.bat
05/19/2012  02:11 PM            52,432 ndiff.py
05/19/2012  02:11 PM           400,733 nmap-mac-prefixes
05/19/2012  02:11 PM         3,170,363 nmap-os-db
05/19/2012  02:11 PM             9,981 nmap-payloads
05/19/2012  02:11 PM             6,304 nmap-protocols
05/19/2012  02:11 PM            49,240 nmap-rpc
05/19/2012  02:11 PM         1,543,300 nmap-service-probes
05/19/2012  02:11 PM           621,833 nmap-services
05/19/2012  02:11 PM         1,385,984 nmap-update.exe
05/19/2012  02:11 PM         1,825,280 nmap.exe
05/19/2012  02:11 PM            31,935 nmap.xsl
05/19/2012  02:11 PM               192 nmap_performance.reg
05/19/2012  02:11 PM           302,592 nping.exe
05/28/2018  08:20 PM    <DIR>          nselib
05/19/2012  02:11 PM            42,664 nse_main.lua
05/28/2018  08:26 PM                 0 output.txt
05/19/2012  02:11 PM               185 README-WIN32
05/28/2018  08:20 PM    <DIR>          scripts
03/14/2012  07:07 PM           237,056 ssleay32.dll
05/19/2012  02:11 PM         4,481,368 vcredist2008_x86.exe
05/19/2012  02:11 PM         9,034,584 vcredist_x86.exe
05/19/2012  02:11 PM           428,158 winpcap-nmap-4.12.exe
              27 File(s)     26,136,261 bytes
               5 Dir(s)  25,255,763,968 bytes free

C:\nmap-6.00-win32\nmap-6.00>dir
dir
 Volume in drive C has no label.
 Volume Serial Number is 9485-3661

 Directory of C:\nmap-6.00-win32\nmap-6.00

05/28/2018  08:26 PM    <DIR>          .
05/28/2018  08:26 PM    <DIR>          ..
05/19/2012  02:11 PM            71,331 3rd-party-licenses.txt
05/19/2012  02:11 PM           511,499 ca-bundle.crt
05/19/2012  02:11 PM           573,501 CHANGELOG
05/19/2012  02:11 PM            25,149 COPYING
03/14/2012  07:07 PM         1,142,784 libeay32.dll
05/28/2018  08:20 PM    <DIR>          licenses
05/19/2012  02:11 PM           186,880 ncat.exe
05/19/2012  02:11 PM               933 ndiff.bat
05/19/2012  02:11 PM            52,432 ndiff.py
05/19/2012  02:11 PM           400,733 nmap-mac-prefixes
05/19/2012  02:11 PM         3,170,363 nmap-os-db
05/19/2012  02:11 PM             9,981 nmap-payloads
05/19/2012  02:11 PM             6,304 nmap-protocols
05/19/2012  02:11 PM            49,240 nmap-rpc
05/19/2012  02:11 PM         1,543,300 nmap-service-probes
05/19/2012  02:11 PM           621,833 nmap-services
05/19/2012  02:11 PM         1,385,984 nmap-update.exe
05/19/2012  02:11 PM         1,825,280 nmap.exe
05/19/2012  02:11 PM            31,935 nmap.xsl
05/19/2012  02:11 PM               192 nmap_performance.reg
05/19/2012  02:11 PM           302,592 nping.exe
05/28/2018  08:20 PM    <DIR>          nselib
05/19/2012  02:11 PM            42,664 nse_main.lua
05/28/2018  08:26 PM                 0 output.txt
05/19/2012  02:11 PM               185 README-WIN32
05/28/2018  08:20 PM    <DIR>          scripts
03/14/2012  07:07 PM           237,056 ssleay32.dll
05/19/2012  02:11 PM         4,481,368 vcredist2008_x86.exe
05/19/2012  02:11 PM         9,034,584 vcredist_x86.exe
05/19/2012  02:11 PM           428,158 winpcap-nmap-4.12.exe
              27 File(s)     26,136,261 bytes
               5 Dir(s)  25,255,763,968 bytes free

C:\nmap-6.00-win32\nmap-6.00>dir
dir
 Volume in drive C has no label.
 Volume Serial Number is 9485-3661

 Directory of C:\nmap-6.00-win32\nmap-6.00

05/28/2018  08:26 PM    <DIR>          .
05/28/2018  08:26 PM    <DIR>          ..
05/19/2012  02:11 PM            71,331 3rd-party-licenses.txt
05/19/2012  02:11 PM           511,499 ca-bundle.crt
05/19/2012  02:11 PM           573,501 CHANGELOG
05/19/2012  02:11 PM            25,149 COPYING
03/14/2012  07:07 PM         1,142,784 libeay32.dll
05/28/2018  08:20 PM    <DIR>          licenses
05/19/2012  02:11 PM           186,880 ncat.exe
05/19/2012  02:11 PM               933 ndiff.bat
05/19/2012  02:11 PM            52,432 ndiff.py
05/19/2012  02:11 PM           400,733 nmap-mac-prefixes
05/19/2012  02:11 PM         3,170,363 nmap-os-db
05/19/2012  02:11 PM             9,981 nmap-payloads
05/19/2012  02:11 PM             6,304 nmap-protocols
05/19/2012  02:11 PM            49,240 nmap-rpc
05/19/2012  02:11 PM         1,543,300 nmap-service-probes
05/19/2012  02:11 PM           621,833 nmap-services
05/19/2012  02:11 PM         1,385,984 nmap-update.exe
05/19/2012  02:11 PM         1,825,280 nmap.exe
05/19/2012  02:11 PM            31,935 nmap.xsl
05/19/2012  02:11 PM               192 nmap_performance.reg
05/19/2012  02:11 PM           302,592 nping.exe
05/28/2018  08:20 PM    <DIR>          nselib
05/19/2012  02:11 PM            42,664 nse_main.lua
05/28/2018  08:26 PM                 0 output.txt
05/19/2012  02:11 PM               185 README-WIN32
05/28/2018  08:20 PM    <DIR>          scripts
03/14/2012  07:07 PM           237,056 ssleay32.dll
05/19/2012  02:11 PM         4,481,368 vcredist2008_x86.exe
05/19/2012  02:11 PM         9,034,584 vcredist_x86.exe
05/19/2012  02:11 PM           428,158 winpcap-nmap-4.12.exe
              27 File(s)     26,136,261 bytes
               5 Dir(s)  25,255,698,432 bytes free

C:\nmap-6.00-win32\nmap-6.00>tasklist
tasklist

Image Name                   PID Session Name     Session#    Mem Usage
========================= ====== ================ ======== ============
System Idle Process            0 Console                 0         16 K
System                         4 Console                 0        224 K
smss.exe                     412 Console                 0        376 K
csrss.exe                    824 Console                 0      2,644 K
winlogon.exe                 848 Console                 0      1,436 K
services.exe                 892 Console                 0      3,200 K
lsass.exe                    904 Console                 0      5,968 K
VBoxService.exe             1068 Console                 0      3,364 K
svchost.exe                 1120 Console                 0      4,868 K
svchost.exe                 1232 Console                 0      4,444 K
svchost.exe                 1448 Console                 0     18,172 K
svchost.exe                 1500 Console                 0      3,760 K
svchost.exe                 1600 Console                 0      4,236 K
spoolsv.exe                 1880 Console                 0      4,380 K
DualServer.exe               788 Console                 0      2,284 K
alg.exe                      632 Console                 0      3,396 K
wscntfy.exe                 1468 Console                 0      1,872 K
explorer.exe                1312 Console                 0     20,728 K
VBoxTray.exe                 688 Console                 0      4,148 K
wuauclt.exe                  436 Console                 0      5,012 K
notepad.exe                 1552 Console                 0        508 K
cmd.exe                      648 Console                 0         84 K
cmd.exe                      176 Console                 0         52 K
tshark.exe                   232 Console                 0        640 K
dumpcap.exe                  128 Console                 0      4,368 K
mmc.exe                     1368 Console                 0      3,432 K
rsmsink.exe                 1744 Console                 0      3,064 K
mmc.exe                     1384 Console                 0      3,572 K
cmd.exe                      372 Console                 0      2,616 K
PSEXESVC.exe                1996 Console                 0      3,812 K
cmd.exe                      200 Console                 0      1,340 K
nc.exe                       564 Console                 0      2,132 K
cmd.exe                     1972 Console                 0      3,988 K
cmd.exe                      208 Console                 0      1,344 K
nc.exe                      2036 Console                 0      2,132 K
cmd.exe                     1976 Console                 0      2,652 K
tasklist.exe                1536 Console                 0      4,052 K
wmiprvse.exe                1308 Console                 0      5,500 K

C:\nmap-6.00-win32\nmap-6.00>start nmap.exe -sT 10.30.1.1-255 >output.txt
start nmap.exe -sT 10.30.1.1-255 >output.txt

C:\nmap-6.00-win32\nmap-6.00>tasklist
tasklist

Image Name                   PID Session Name     Session#    Mem Usage
========================= ====== ================ ======== ============
System Idle Process            0 Console                 0         16 K
System                         4 Console                 0        224 K
smss.exe                     412 Console                 0        376 K
csrss.exe                    824 Console                 0      2,656 K
winlogon.exe                 848 Console                 0      1,436 K
services.exe                 892 Console                 0      3,200 K
lsass.exe                    904 Console                 0      5,968 K
VBoxService.exe             1068 Console                 0      3,364 K
svchost.exe                 1120 Console                 0      4,868 K
svchost.exe                 1232 Console                 0      4,444 K
svchost.exe                 1448 Console                 0     18,236 K
svchost.exe                 1500 Console                 0      3,760 K
svchost.exe                 1600 Console                 0      4,236 K
spoolsv.exe                 1880 Console                 0      4,380 K
DualServer.exe               788 Console                 0      2,284 K
alg.exe                      632 Console                 0      3,396 K
wscntfy.exe                 1468 Console                 0      1,872 K
explorer.exe                1312 Console                 0     20,728 K
VBoxTray.exe                 688 Console                 0      4,148 K
wuauclt.exe                  436 Console                 0      5,012 K
notepad.exe                 1552 Console                 0        516 K
cmd.exe                      648 Console                 0         96 K
cmd.exe                      176 Console                 0         64 K
tshark.exe                   232 Console                 0        644 K
dumpcap.exe                  128 Console                 0      4,368 K
mmc.exe                     1368 Console                 0      3,436 K
rsmsink.exe                 1744 Console                 0      3,064 K
mmc.exe                     1384 Console                 0      3,572 K
cmd.exe                      372 Console                 0      2,616 K
PSEXESVC.exe                1996 Console                 0      3,812 K
cmd.exe                      200 Console                 0      1,340 K
nc.exe                       564 Console                 0      2,132 K
cmd.exe                     1972 Console                 0      3,988 K
cmd.exe                      208 Console                 0      1,344 K
nc.exe                      2036 Console                 0      2,132 K
cmd.exe                     1976 Console                 0      2,720 K
wmiprvse.exe                1308 Console                 0      5,732 K
tasklist.exe                1960 Console                 0      4,040 K

C:\nmap-6.00-win32\nmap-6.00>dir
dir
 Volume in drive C has no label.
 Volume Serial Number is 9485-3661

 Directory of C:\nmap-6.00-win32\nmap-6.00

05/28/2018  08:26 PM    <DIR>          .
05/28/2018  08:26 PM    <DIR>          ..
05/19/2012  02:11 PM            71,331 3rd-party-licenses.txt
05/19/2012  02:11 PM           511,499 ca-bundle.crt
05/19/2012  02:11 PM           573,501 CHANGELOG
05/19/2012  02:11 PM            25,149 COPYING
03/14/2012  07:07 PM         1,142,784 libeay32.dll
05/28/2018  08:20 PM    <DIR>          licenses
05/19/2012  02:11 PM           186,880 ncat.exe
05/19/2012  02:11 PM               933 ndiff.bat
05/19/2012  02:11 PM            52,432 ndiff.py
05/19/2012  02:11 PM           400,733 nmap-mac-prefixes
05/19/2012  02:11 PM         3,170,363 nmap-os-db
05/19/2012  02:11 PM             9,981 nmap-payloads
05/19/2012  02:11 PM             6,304 nmap-protocols
05/19/2012  02:11 PM            49,240 nmap-rpc
05/19/2012  02:11 PM         1,543,300 nmap-service-probes
05/19/2012  02:11 PM           621,833 nmap-services
05/19/2012  02:11 PM         1,385,984 nmap-update.exe
05/19/2012  02:11 PM         1,825,280 nmap.exe
05/19/2012  02:11 PM            31,935 nmap.xsl
05/19/2012  02:11 PM               192 nmap_performance.reg
05/19/2012  02:11 PM           302,592 nping.exe
05/28/2018  08:20 PM    <DIR>          nselib
05/19/2012  02:11 PM            42,664 nse_main.lua
05/28/2018  08:28 PM                 0 output.txt
05/19/2012  02:11 PM               185 README-WIN32
05/28/2018  08:20 PM    <DIR>          scripts
03/14/2012  07:07 PM           237,056 ssleay32.dll
05/19/2012  02:11 PM         4,481,368 vcredist2008_x86.exe
05/19/2012  02:11 PM         9,034,584 vcredist_x86.exe
05/19/2012  02:11 PM           428,158 winpcap-nmap-4.12.exe
              27 File(s)     26,136,261 bytes
               5 Dir(s)  25,255,612,416 bytes free

C:\nmap-6.00-win32\nmap-6.00>nmap.exe >oo.txt
nmap.exe >oo.txt

C:\nmap-6.00-win32\nmap-6.00>type oo.txt
type oo.txt

C:\nmap-6.00-win32\nmap-6.00>start nmap.exe > oo.txt
start nmap.exe > oo.txt

C:\nmap-6.00-win32\nmap-6.00>type oo.txt
type oo.txt

C:\nmap-6.00-win32\nmap-6.00>cd \
cd \

C:\>cd program
cd program
The system cannot find the path specified.

C:\>cd "program files"
cd "program files"

C:\Program Files>dir
dir
 Volume in drive C has no label.
 Volume Serial Number is 9485-3661

 Directory of C:\Program Files

05/28/2018  08:30 PM    <DIR>          .
05/28/2018  08:30 PM    <DIR>          ..
05/13/2018  02:45 PM    <DIR>          Common Files
05/13/2018  02:44 PM    <DIR>          ComPlus Applications
05/13/2018  03:31 PM    <DIR>          IDA Freeware 7.0
05/13/2018  02:45 PM    <DIR>          Internet Explorer
05/13/2018  02:44 PM    <DIR>          Messenger
05/13/2018  02:46 PM    <DIR>          microsoft frontpage
05/13/2018  02:45 PM    <DIR>          Movie Maker
05/13/2018  02:44 PM    <DIR>          MSN
05/13/2018  02:44 PM    <DIR>          MSN Gaming Zone
05/13/2018  02:45 PM    <DIR>          MSXML 4.0
05/13/2018  02:45 PM    <DIR>          NetMeeting
05/28/2018  08:32 PM    <DIR>          Nmap
05/13/2018  02:45 PM    <DIR>          Online Services
05/13/2018  05:26 PM    <DIR>          Oracle
05/13/2018  02:45 PM    <DIR>          Outlook Express
05/13/2018  02:45 PM    <DIR>          Windows Media Player
05/13/2018  02:44 PM    <DIR>          Windows NT
05/28/2018  04:51 PM    <DIR>          WinPcap
05/28/2018  04:51 PM    <DIR>          Wireshark

05/13/2018  02:46 PM    <DIR>          xerox
               0 File(s)              0 bytes
              22 Dir(s)  25,153,200,128 bytes free

C:\Program Files>cd nmap
cd nmap

C:\Program Files\Nmap>dir
dir
 Volume in drive C has no label.
 Volume Serial Number is 9485-3661

 Directory of C:\Program Files\Nmap

05/28/2018  08:32 PM    <DIR>          .
05/28/2018  08:32 PM    <DIR>          ..
03/14/2012  07:07 PM            71,331 3rd-party-licenses.txt
05/19/2012  02:11 PM           511,499 ca-bundle.crt
05/19/2012  01:46 PM           573,501 CHANGELOG
03/14/2012  07:08 PM            25,149 COPYING
05/19/2012  02:12 PM            26,562 COPYING_HIGWIDGETS
03/14/2012  07:07 PM            15,086 icon1.ico
03/14/2012  07:07 PM         1,142,784 libeay32.dll
05/28/2018  08:30 PM    <DIR>          licenses
05/19/2012  02:11 PM           186,880 ncat.exe
05/19/2012  02:12 PM            64,512 ndiff.exe
05/19/2012  02:12 PM             1,956 NDIFF_README
03/14/2012  07:08 PM           400,733 nmap-mac-prefixes
05/19/2012  01:46 PM         3,170,363 nmap-os-db
03/14/2012  07:08 PM             9,981 nmap-payloads
03/14/2012  07:08 PM             6,304 nmap-protocols
03/14/2012  07:08 PM            49,240 nmap-rpc
05/14/2012  05:56 PM         1,543,300 nmap-service-probes
04/10/2012  07:13 PM           621,833 nmap-services
05/19/2012  02:11 PM         1,385,984 nmap-update.exe
05/19/2012  02:11 PM         1,825,280 nmap.exe
03/14/2012  07:07 PM            31,935 nmap.xsl
03/14/2012  07:07 PM               192 nmap_performance.reg
05/19/2012  02:11 PM           302,592 nping.exe
05/28/2018  08:30 PM    <DIR>          nselib
03/14/2012  07:08 PM            42,664 nse_main.lua
05/28/2018  08:32 PM    <DIR>          py2exe
05/19/2012  02:12 PM         2,286,080 python27.dll
03/14/2012  07:08 PM               185 README-WIN32
05/28/2018  08:30 PM    <DIR>          scripts
05/28/2018  08:31 PM    <DIR>          share
03/14/2012  07:07 PM           237,056 ssleay32.dll
05/28/2018  08:31 PM            52,988 Uninstall.exe
05/19/2012  02:12 PM            48,128 zenmap.exe
05/19/2012  02:12 PM             2,260 ZENMAP_README
              29 File(s)     14,636,358 bytes
               7 Dir(s)  25,153,200,128 bytes free

C:\Program Files\Nmap>nmap.exe
nmap.exe
Nmap 6.00 ( http://nmap.org )
Usage: nmap [Scan Type(s)] [Options] {target specification}
TARGET SPECIFICATION:
  Can pass hostnames, IP addresses, networks, etc.
  Ex: scanme.nmap.org, microsoft.com/24, 192.168.0.1; 10.0.0-255.1-254
  -iL <inputfilename>: Input from list of hosts/networks
  -iR <num hosts>: Choose random targets
  --exclude <host1[,host2][,host3],...>: Exclude hosts/networks
  --excludefile <exclude_file>: Exclude list from file
HOST DISCOVERY:
  -sL: List Scan - simply list targets to scan
  -sn: Ping Scan - disable port scan
  -Pn: Treat all hosts as online -- skip host discovery
  -PS/PA/PU/PY[portlist]: TCP SYN/ACK, UDP or SCTP discovery to given ports
  -PE/PP/PM: ICMP echo, timestamp, and netmask request discovery probes
  -PO[protocol list]: IP Protocol Ping
  -n/-R: Never do DNS resolution/Always resolve [default: sometimes]
  --dns-servers <serv1[,serv2],...>: Specify custom DNS servers
  --system-dns: Use OS's DNS resolver
  --traceroute: Trace hop path to each host
SCAN TECHNIQUES:
  -sS/sT/sA/sW/sM: TCP SYN/Connect()/ACK/Window/Maimon scans
  -sU: UDP Scan
  -sN/sF/sX: TCP Null, FIN, and Xmas scans
  --scanflags <flags>: Customize TCP scan flags
  -sI <zombie host[:probeport]>: Idle scan
  -sY/sZ: SCTP INIT/COOKIE-ECHO scans
  -sO: IP protocol scan
  -b <FTP relay host>: FTP bounce scan
PORT SPECIFICATION AND SCAN ORDER:
  -p <port ranges>: Only scan specified ports
    Ex: -p22; -p1-65535; -p U:53,111,137,T:21-25,80,139,8080,S:9
  -F: Fast mode - Scan fewer ports than the default scan
  -r: Scan ports consecutively - don't randomize
  --top-ports <number>: Scan <number> most common ports
  --port-ratio <ratio>: Scan ports more common than <ratio>
SERVICE/VERSION DETECTION:
  -sV: Probe open ports to determine service/version info
  --version-intensity <level>: Set from 0 (light) to 9 (try all probes)
  --version-light: Limit to most likely probes (intensity 2)
  --version-all: Try every single probe (intensity 9)
  --version-trace: Show detailed version scan activity (for debugging)
SCRIPT SCAN:
  -sC: equivalent to --script=default
  --script=<Lua scripts>: <Lua scripts> is a comma separated list of 
           directories, script-files or script-categories
  --script-args=<n1=v1,[n2=v2,...]>: provide arguments to scripts
  --script-args-file=filename: provide NSE script args in a file
  --script-trace: Show all data sent and received
  --script-updatedb: Update the script database.
  --script-help=<Lua scripts>: Show help about scripts.
           <Lua scripts> is a comma separted list of script-files or
           script-categories.
OS DETECTION:
  -O: Enable OS detection
  --osscan-limit: Limit OS detection to promising targets
  --osscan-guess: Guess OS more aggressively
TIMING AND PERFORMANCE:
  Options which take <time> are in seconds, or append 'ms' (milliseconds),
  's' (seconds), 'm' (minutes), or 'h' (hours) to the value (e.g. 30m).
  -T<0-5>: Set timing template (higher is faster)
  --min-hostgroup/max-hostgroup <size>: Parallel host scan group sizes
  --min-parallelism/max-parallelism <numprobes>: Probe parallelization
  --min-rtt-timeout/max-rtt-timeout/initial-rtt-timeout <time>: Specifies
      probe round trip time.
  --max-retries <tries>: Caps number of port scan probe retransmissions.
  --host-timeout <time>: Give up on target after this long
  --scan-delay/--max-scan-delay <time>: Adjust delay between probes
  --min-rate <number>: Send packets no slower than <number> per second
  --max-rate <number>: Send packets no faster than <number> per second
FIREWALL/IDS EVASION AND SPOOFING:
  -f; --mtu <val>: fragment packets (optionally w/given MTU)
  -D <decoy1,decoy2[,ME],...>: Cloak a scan with decoys
  -S <IP_Address>: Spoof source address
  -e <iface>: Use specified interface
  -g/--source-port <portnum>: Use given port number
  --data-length <num>: Append random data to sent packets
  --ip-options <options>: Send packets with specified ip options
  --ttl <val>: Set IP time-to-live field
  --spoof-mac <mac address/prefix/vendor name>: Spoof your MAC address
  --badsum: Send packets with a bogus TCP/UDP/SCTP checksum
OUTPUT:
  -oN/-oX/-oS/-oG <file>: Output scan in normal, XML, s|<rIpt kIddi3,
     and Grepable format, respectively, to the given filename.
  -oA <basename>: Output in the three major formats at once
  -v: Increase verbosity level (use -vv or more for greater effect)
  -d: Increase debugging level (use -dd or more for greater effect)
  --reason: Display the reason a port is in a particular state
  --open: Only show open (or possibly open) ports
  --packet-trace: Show all packets sent and received
  --iflist: Print host interfaces and routes (for debugging)
  --log-errors: Log errors/warnings to the normal-format output file
  --append-output: Append to rather than clobber specified output files
  --resume <filename>: Resume an aborted scan
  --stylesheet <path/URL>: XSL stylesheet to transform XML output to HTML
  --webxml: Reference stylesheet from Nmap.Org for more portable XML
  --no-stylesheet: Prevent associating of XSL stylesheet w/XML output
MISC:
  -6: Enable IPv6 scanning
  -A: Enable OS detection, version detection, script scanning, and traceroute
  --datadir <dirname>: Specify custom Nmap data file location
  --send-eth/--send-ip: Send using raw ethernet frames or IP packets
  --privileged: Assume that the user is fully privileged
  --unprivileged: Assume the user lacks raw socket privileges
  -V: Print version number
  -h: Print this help summary page.
EXAMPLES:
  nmap -v -A scanme.nmap.org
  nmap -v -sn 192.168.0.0/16 10.0.0.0/8
  nmap -v -iR 10000 -Pn -p 80
SEE THE MAN PAGE (http://nmap.org/book/man.html) FOR MORE OPTIONS AND EXAMPLES

C:\Program Files\Nmap>nmap.exe -P0 10.30.1.1-255
nmap.exe -P0 10.30.1.1-255

Starting Nmap 6.00 ( http://nmap.org ) at 2018-05-28 20:33 Pacific Standard Time
Skipping SYN Stealth Scan against 10.30.1.20 because Windows does not support scanning your own machine (localhost) this way.
Nmap scan report for 10.30.1.20
Host is up.
PORT      STATE   SERVICE
1/tcp     unknown tcpmux
3/tcp     unknown compressnet
4/tcp     unknown unknown
6/tcp     unknown unknown
7/tcp     unknown echo
9/tcp     unknown discard
13/tcp    unknown daytime
17/tcp    unknown qotd
19/tcp    unknown chargen
20/tcp    unknown ftp-data
21/tcp    unknown ftp
22/tcp    unknown ssh
23/tcp    unknown telnet
24/tcp    unknown priv-mail
25/tcp    unknown smtp
26/tcp    unknown rsftp
30/tcp    unknown unknown
32/tcp    unknown unknown
33/tcp    unknown dsp
37/tcp    unknown time
42/tcp    unknown nameserver
43/tcp    unknown whois
49/tcp    unknown tacacs
53/tcp    unknown domain
70/tcp    unknown gopher
79/tcp    unknown finger
80/tcp    unknown http
81/tcp    unknown hosts2-ns
82/tcp    unknown xfer
83/tcp    unknown mit-ml-dev
84/tcp    unknown ctf
85/tcp    unknown mit-ml-dev
88/tcp    unknown kerberos-sec
89/tcp    unknown su-mit-tg
90/tcp    unknown dnsix
99/tcp    unknown metagram
100/tcp   unknown newacct
106/tcp   unknown pop3pw
109/tcp   unknown pop2
110/tcp   unknown pop3
111/tcp   unknown rpcbind
113/tcp   unknown ident
119/tcp   unknown nntp
125/tcp   unknown locus-map
135/tcp   unknown msrpc
139/tcp   unknown netbios-ssn
143/tcp   unknown imap
144/tcp   unknown news
146/tcp   unknown iso-tp0
161/tcp   unknown snmp
163/tcp   unknown cmip-man
179/tcp   unknown bgp
199/tcp   unknown smux
211/tcp   unknown 914c-g
212/tcp   unknown anet
222/tcp   unknown rsh-spx
254/tcp   unknown unknown
255/tcp   unknown unknown
256/tcp   unknown fw1-secureremote
259/tcp   unknown esro-gen
264/tcp   unknown bgmp
280/tcp   unknown http-mgmt
301/tcp   unknown unknown
306/tcp   unknown unknown
311/tcp   unknown asip-webadmin
340/tcp   unknown unknown
366/tcp   unknown odmr
389/tcp   unknown ldap
406/tcp   unknown imsp
407/tcp   unknown timbuktu
416/tcp   unknown silverplatter
417/tcp   unknown onmux
425/tcp   unknown icad-el
427/tcp   unknown svrloc

443/tcp   unknown https
444/tcp   unknown snpp
445/tcp   unknown microsoft-ds
458/tcp   unknown appleqtc
464/tcp   unknown kpasswd5
465/tcp   unknown smtps
481/tcp   unknown dvs
497/tcp   unknown retrospect
500/tcp   unknown isakmp
512/tcp   unknown exec
513/tcp   unknown login
514/tcp   unknown shell
515/tcp   unknown printer
524/tcp   unknown ncp
541/tcp   unknown uucp-rlogin
543/tcp   unknown klogin
544/tcp   unknown kshell
545/tcp   unknown ekshell
548/tcp   unknown afp
554/tcp   unknown rtsp
555/tcp   unknown dsf
563/tcp   unknown snews
587/tcp   unknown submission

593/tcp   unknown http-rpc-epmap
616/tcp   unknown sco-sysmgr
617/tcp   unknown sco-dtmgr
625/tcp   unknown apple-xsrvr-admin
631/tcp   unknown ipp
636/tcp   unknown ldapssl
646/tcp   unknown ldp
648/tcp   unknown rrp
666/tcp   unknown doom
667/tcp   unknown disclose
668/tcp   unknown mecomm
683/tcp   unknown corba-iiop
687/tcp   unknown asipregistry
691/tcp   unknown resvc
700/tcp   unknown epp
705/tcp   unknown agentx
711/tcp   unknown cisco-tdp
714/tcp   unknown iris-xpcs
720/tcp   unknown unknown
722/tcp   unknown unknown
726/tcp   unknown unknown
749/tcp   unknown kerberos-adm
765/tcp   unknown webster
777/tcp   unknown multiling-http
783/tcp   unknown spamassassin
787/tcp   unknown qsc
800/tcp   unknown mdbs_daemon
801/tcp   unknown device
808/tcp   unknown ccproxy-http
843/tcp   unknown unknown
873/tcp   unknown rsync
880/tcp   unknown unknown
888/tcp   unknown accessbuilder
898/tcp   unknown sun-manageconsole
900/tcp   unknown omginitialrefs
901/tcp   unknown samba-swat
902/tcp   unknown iss-realsecure
903/tcp   unknown iss-console-mgr
911/tcp   unknown xact-backup
912/tcp   unknown apex-mesh
981/tcp   unknown unknown
987/tcp   unknown unknown
990/tcp   unknown ftps
992/tcp   unknown telnets
993/tcp   unknown imaps
995/tcp   unknown pop3s
999/tcp   unknown garcon
1000/tcp  unknown cadlock
1001/tcp  unknown unknown
1002/tcp  unknown windows-icfw
1007/tcp  unknown unknown
1009/tcp  unknown unknown
1010/tcp  unknown surf
1011/tcp  unknown unknown
1021/tcp  unknown exp1
1022/tcp  unknown exp2
1023/tcp  unknown netvenuechat
1024/tcp  unknown kdm
1025/tcp  unknown NFS-or-IIS
1026/tcp  unknown LSA-or-nterm
1027/tcp  unknown IIS
1028/tcp  unknown unknown
1029/tcp  unknown ms-lsa
1030/tcp  unknown iad1
1031/tcp  unknown iad2
1032/tcp  unknown iad3
1033/tcp  unknown netinfo
1034/tcp  unknown zincite-a
1035/tcp  unknown multidropper
1036/tcp  unknown nsstp
1037/tcp  unknown ams
1038/tcp  unknown mtqp
1039/tcp  unknown sbl
1040/tcp  unknown netsaint
1041/tcp  unknown danf-ak2
1042/tcp  unknown afrog
1043/tcp  unknown boinc
1044/tcp  unknown dcutility
1045/tcp  unknown fpitp
1046/tcp  unknown wfremotertm
1047/tcp  unknown neod1
1048/tcp  unknown neod2
1049/tcp  unknown td-postman
1050/tcp  unknown java-or-OTGfileshare
1051/tcp  unknown optima-vnet
1052/tcp  unknown ddt
1053/tcp  unknown remote-as
1054/tcp  unknown brvread
1055/tcp  unknown ansyslmd
1056/tcp  unknown vfo
1057/tcp  unknown startron
1058/tcp  unknown nim
1059/tcp  unknown nimreg
1060/tcp  unknown polestar
1061/tcp  unknown kiosk
1062/tcp  unknown veracity
1063/tcp  unknown kyoceranetdev
1064/tcp  unknown jstel
1065/tcp  unknown syscomlan
1066/tcp  unknown fpo-fns
1067/tcp  unknown instl_boots
1068/tcp  unknown instl_bootc
1069/tcp  unknown cognex-insight
1070/tcp  unknown gmrupdateserv
1071/tcp  unknown bsquare-voip
1072/tcp  unknown cardax
1073/tcp  unknown bridgecontrol
1074/tcp  unknown warmspotMgmt
1075/tcp  unknown rdrmshc
1076/tcp  unknown sns_credit
1077/tcp  unknown imgames
1078/tcp  unknown avocent-proxy
1079/tcp  unknown asprovatalk
1080/tcp  unknown socks
1081/tcp  unknown pvuniwien
1082/tcp  unknown amt-esd-prot
1083/tcp  unknown ansoft-lm-1
1084/tcp  unknown ansoft-lm-2
1085/tcp  unknown webobjects
1086/tcp  unknown cplscrambler-lg
1087/tcp  unknown cplscrambler-in
1088/tcp  unknown cplscrambler-al
1089/tcp  unknown ff-annunc
1090/tcp  unknown ff-fms
1091/tcp  unknown ff-sm
1092/tcp  unknown obrpd
1093/tcp  unknown proofd
1094/tcp  unknown rootd
1095/tcp  unknown nicelink
1096/tcp  unknown cnrprotocol
1097/tcp  unknown sunclustermgr
1098/tcp  unknown rmiactivation
1099/tcp  unknown rmiregistry
1100/tcp  unknown mctp
1102/tcp  unknown adobeserver-1
1104/tcp  unknown xrl
1105/tcp  unknown ftranhc
1106/tcp  unknown isoipsigport-1
1107/tcp  unknown isoipsigport-2
1108/tcp  unknown ratio-adp
1110/tcp  unknown nfsd-status

1111/tcp  unknown lmsocialserver
1112/tcp  unknown msql
1113/tcp  unknown ltp-deepspace
1114/tcp  unknown mini-sql
1117/tcp  unknown ardus-mtrns
1119/tcp  unknown bnetgame
1121/tcp  unknown rmpp
1122/tcp  unknown availant-mgr
1123/tcp  unknown murray
1124/tcp  unknown hpvmmcontrol
1126/tcp  unknown hpvmmdata
1130/tcp  unknown casp
1131/tcp  unknown caspssl
1132/tcp  unknown kvm-via-ip
1137/tcp  unknown trim
1138/tcp  unknown encrypted_admin
1141/tcp  unknown mxomss
1145/tcp  unknown x9-icue
1147/tcp  unknown capioverlan
1148/tcp  unknown elfiq-repl
1149/tcp  unknown bvtsonar
1151/tcp  unknown unizensus
1152/tcp  unknown winpoplanmess
1154/tcp  unknown resacommunity
1163/tcp  unknown sddp
1164/tcp  unknown qsm-proxy
1165/tcp  unknown qsm-gui
1166/tcp  unknown qsm-remote
1169/tcp  unknown tripwire
1174/tcp  unknown fnet-remote-ui
1175/tcp  unknown dossier
1183/tcp  unknown llsurfup-http
1185/tcp  unknown catchpole
1186/tcp  unknown mysql-cluster
1187/tcp  unknown alias
1192/tcp  unknown caids-sensor
1198/tcp  unknown cajo-discovery
1199/tcp  unknown dmidi
1201/tcp  unknown nucleus-sand
1213/tcp  unknown mpc-lifenet
1216/tcp  unknown etebac5
1217/tcp  unknown hpss-ndapi
1218/tcp  unknown aeroflight-ads
1233/tcp  unknown univ-appserver
1234/tcp  unknown hotline
1236/tcp  unknown bvcontrol
1244/tcp  unknown isbconference1
1247/tcp  unknown visionpyramid
1248/tcp  unknown hermes
1259/tcp  unknown opennl-voice
1271/tcp  unknown excw
1272/tcp  unknown cspmlockmgr
1277/tcp  unknown miva-mqs
1287/tcp  unknown routematch
1296/tcp  unknown dproxy
1300/tcp  unknown h323hostcallsc
1301/tcp  unknown ci3-software-1
1309/tcp  unknown jtag-server
1310/tcp  unknown husky
1311/tcp  unknown rxmon
1322/tcp  unknown novation
1328/tcp  unknown ewall
1334/tcp  unknown writesrv
1352/tcp  unknown lotusnotes
1417/tcp  unknown timbuktu-srv1
1433/tcp  unknown ms-sql-s
1434/tcp  unknown ms-sql-m
1443/tcp  unknown ies-lm
1455/tcp  unknown esl-lm
1461/tcp  unknown ibm_wrless_lan
1494/tcp  unknown citrix-ica
1500/tcp  unknown vlsi-lm
1501/tcp  unknown sas-3
1503/tcp  unknown imtc-mcs
1521/tcp  unknown oracle
1524/tcp  unknown ingreslock
1533/tcp  unknown virtual-places
1556/tcp  unknown veritas_pbx
1580/tcp  unknown tn-tl-r1
1583/tcp  unknown simbaexpress
1594/tcp  unknown sixtrak
1600/tcp  unknown issd
1641/tcp  unknown invision
1658/tcp  unknown sixnetudr
1666/tcp  unknown netview-aix-6
1687/tcp  unknown nsjtp-ctrl
1688/tcp  unknown nsjtp-data
1700/tcp  unknown mps-raft
1717/tcp  unknown fj-hdnet
1718/tcp  unknown h323gatedisc
1719/tcp  unknown h323gatestat
1720/tcp  unknown H.323/Q.931
1721/tcp  unknown caicci
1723/tcp  unknown pptp
1755/tcp  unknown wms
1761/tcp  unknown landesk-rc
1782/tcp  unknown hp-hcip
1783/tcp  unknown unknown
1801/tcp  unknown msmq
1805/tcp  unknown enl-name
1812/tcp  unknown radius
1839/tcp  unknown netopia-vo1
1840/tcp  unknown netopia-vo2
1862/tcp  unknown mysql-cm-agent
1863/tcp  unknown msnp
1864/tcp  unknown paradym-31
1875/tcp  unknown westell-stats
1900/tcp  unknown upnp
1914/tcp  unknown elm-momentum
1935/tcp  unknown rtmp
1947/tcp  unknown sentinelsrm
1971/tcp  unknown netop-school
1972/tcp  unknown intersys-cache
1974/tcp  unknown drp
1984/tcp  unknown bigbrother
1998/tcp  unknown x25-svc-port
1999/tcp  unknown tcp-id-port
2000/tcp  unknown cisco-sccp
2001/tcp  unknown dc
2002/tcp  unknown globe
2003/tcp  unknown finger
2004/tcp  unknown mailbox
2005/tcp  unknown deslogin
2006/tcp  unknown invokator
2007/tcp  unknown dectalk
2008/tcp  unknown conf
2009/tcp  unknown news
2010/tcp  unknown search
2013/tcp  unknown raid-am
2020/tcp  unknown xinupageserver
2021/tcp  unknown servexec
2022/tcp  unknown down
2030/tcp  unknown device2
2033/tcp  unknown glogger
2034/tcp  unknown scoremgr
2035/tcp  unknown imsldoc
2038/tcp  unknown objectmanager
2040/tcp  unknown lam
2041/tcp  unknown interbase

2042/tcp  unknown isis
2043/tcp  unknown isis-bcast
2045/tcp  unknown cdfunc
2046/tcp  unknown sdfunc
2047/tcp  unknown dls
2048/tcp  unknown dls-monitor
2049/tcp  unknown nfs
2065/tcp  unknown dlsrpn
2068/tcp  unknown advocentkvm
2099/tcp  unknown h2250-annex-g
2100/tcp  unknown amiganetfs
2103/tcp  unknown zephyr-clt
2105/tcp  unknown eklogin
2106/tcp  unknown ekshell
2107/tcp  unknown msmq-mgmt
2111/tcp  unknown kx
2119/tcp  unknown gsigatekeeper
2121/tcp  unknown ccproxy-ftp
2126/tcp  unknown pktcable-cops
2135/tcp  unknown gris
2144/tcp  unknown lv-ffx
2160/tcp  unknown apc-2160
2161/tcp  unknown apc-agent
2170/tcp  unknown eyetv
2179/tcp  unknown vmrdp
2190/tcp  unknown tivoconnect
2191/tcp  unknown tvbus
2196/tcp  unknown unknown
2200/tcp  unknown ici
2222/tcp  unknown EtherNet/IP-1
2251/tcp  unknown dif-port
2260/tcp  unknown apc-2260
2288/tcp  unknown netml
2301/tcp  unknown compaqdiag
2323/tcp  unknown 3d-nfsd
2366/tcp  unknown qip-login
2381/tcp  unknown compaq-https
2382/tcp  unknown ms-olap3
2383/tcp  unknown ms-olap4
2393/tcp  unknown ms-olap1
2394/tcp  unknown ms-olap2
2399/tcp  unknown fmpro-fdal
2401/tcp  unknown cvspserver
2492/tcp  unknown groove
2500/tcp  unknown rtsserv
2522/tcp  unknown windb
2525/tcp  unknown ms-v-worlds
2557/tcp  unknown nicetec-mgmt
2601/tcp  unknown zebra
2602/tcp  unknown ripd
2604/tcp  unknown ospfd
2605/tcp  unknown bgpd
2607/tcp  unknown connection
2608/tcp  unknown wag-service
2638/tcp  unknown sybase
2701/tcp  unknown sms-rcinfo
2702/tcp  unknown sms-xfer
2710/tcp  unknown sso-service
2717/tcp  unknown pn-requester
2718/tcp  unknown pn-requester2
2725/tcp  unknown msolap-ptp2
2800/tcp  unknown acc-raid
2809/tcp  unknown corbaloc
2811/tcp  unknown gsiftp
2869/tcp  unknown icslap
2875/tcp  unknown dxmessagebase2
2909/tcp  unknown funk-dialout
2910/tcp  unknown tdaccess
2920/tcp  unknown roboeda
2967/tcp  unknown symantec-av
2968/tcp  unknown enpp
2998/tcp  unknown iss-realsec
3000/tcp  unknown ppp
3001/tcp  unknown nessus
3003/tcp  unknown cgms
3005/tcp  unknown deslogin
3006/tcp  unknown deslogind
3007/tcp  unknown lotusmtap
3011/tcp  unknown trusted-web
3013/tcp  unknown gilatskysurfer
3017/tcp  unknown event_listener
3030/tcp  unknown arepa-cas
3031/tcp  unknown eppc
3052/tcp  unknown powerchute
3071/tcp  unknown csd-mgmt-port
3077/tcp  unknown orbix-loc-ssl
3128/tcp  unknown squid-http
3168/tcp  unknown poweronnud
3211/tcp  unknown avsecuremgmt
3221/tcp  unknown xnm-clear-text
3260/tcp  unknown iscsi
3261/tcp  unknown winshadow
3268/tcp  unknown globalcatLDAP
3269/tcp  unknown globalcatLDAPssl
3283/tcp  unknown netassistant
3300/tcp  unknown unknown
3301/tcp  unknown unknown
3306/tcp  unknown mysql
3322/tcp  unknown active-net
3323/tcp  unknown active-net
3324/tcp  unknown active-net
3325/tcp  unknown active-net
3333/tcp  unknown dec-notes
3351/tcp  unknown btrieve
3367/tcp  unknown satvid-datalnk
3369/tcp  unknown satvid-datalnk
3370/tcp  unknown satvid-datalnk
3371/tcp  unknown satvid-datalnk
3372/tcp  unknown msdtc
3389/tcp  unknown ms-wbt-server
3390/tcp  unknown dsc
3404/tcp  unknown unknown
3476/tcp  unknown nppmp
3493/tcp  unknown nut
3517/tcp  unknown 802-11-iapp
3527/tcp  unknown beserver-msg-q
3546/tcp  unknown unknown
3551/tcp  unknown apcupsd
3580/tcp  unknown nati-svrloc
3659/tcp  unknown apple-sasl
3689/tcp  unknown rendezvous
3690/tcp  unknown svn
3703/tcp  unknown adobeserver-3
3737/tcp  unknown xpanel
3766/tcp  unknown unknown
3784/tcp  unknown bfd-control
3800/tcp  unknown pwgpsi
3801/tcp  unknown ibm-mgr
3809/tcp  unknown apocd
3814/tcp  unknown neto-dcs
3826/tcp  unknown wormux
3827/tcp  unknown netmpi
3828/tcp  unknown neteh
3851/tcp  unknown spectraport
3869/tcp  unknown ovsam-mgmt
3871/tcp  unknown avocent-adsap
3878/tcp  unknown fotogcad
3880/tcp  unknown igrs
3889/tcp  unknown dandv-tester
3905/tcp  unknown mupdate
3914/tcp  unknown listcrt-port-2
3918/tcp  unknown pktcablemmcops
3920/tcp  unknown exasoftport1
3945/tcp  unknown emcads
3971/tcp  unknown lanrevserver
3986/tcp  unknown mapper-ws_ethd
3995/tcp  unknown iss-mgmt-ssl
3998/tcp  unknown dnx
4000/tcp  unknown remoteanything
4001/tcp  unknown newoak
4002/tcp  unknown mlchat-proxy
4003/tcp  unknown pxc-splr-ft
4004/tcp  unknown pxc-roid
4005/tcp  unknown pxc-pin
4006/tcp  unknown pxc-spvr
4045/tcp  unknown lockd
4111/tcp  unknown xgrid
4125/tcp  unknown rww
4126/tcp  unknown ddrepl
4129/tcp  unknown nuauth
4224/tcp  unknown xtell
4242/tcp  unknown vrml-multi-use
4279/tcp  unknown vrml-multi-use
4321/tcp  unknown rwhois
4343/tcp  unknown unicall
4443/tcp  unknown pharos
4444/tcp  unknown krb524
4445/tcp  unknown upnotifyp
4446/tcp  unknown n1-fwp
4449/tcp  unknown privatewire
4550/tcp  unknown gds-adppiw-db
4567/tcp  unknown tram
4662/tcp  unknown edonkey
4848/tcp  unknown appserv-http
4899/tcp  unknown radmin
4900/tcp  unknown hfcs
4998/tcp  unknown maybe-veritas
5000/tcp  unknown upnp
5001/tcp  unknown commplex-link
5002/tcp  unknown rfe
5003/tcp  unknown filemaker
5004/tcp  unknown avt-profile-1
5009/tcp  unknown airport-admin
5030/tcp  unknown surfpass
5033/tcp  unknown unknown
5050/tcp  unknown mmcc
5051/tcp  unknown ida-agent
5054/tcp  unknown rlm-admin
5060/tcp  unknown sip
5061/tcp  unknown sip-tls
5080/tcp  unknown onscreen
5087/tcp  unknown unknown
5100/tcp  unknown admd
5101/tcp  unknown admdog
5102/tcp  unknown admeng
5120/tcp  unknown unknown
5190/tcp  unknown aol
5200/tcp  unknown targus-getdata
5214/tcp  unknown unknown
5221/tcp  unknown 3exmp
5222/tcp  unknown xmpp-client
5225/tcp  unknown hp-server
5226/tcp  unknown hp-status
5269/tcp  unknown xmpp-server
5280/tcp  unknown xmpp-bosh
5298/tcp  unknown presence
5357/tcp  unknown wsdapi
5405/tcp  unknown pcduo
5414/tcp  unknown statusd
5431/tcp  unknown park-agent
5432/tcp  unknown postgresql
5440/tcp  unknown unknown
5500/tcp  unknown hotline
5510/tcp  unknown secureidprop
5544/tcp  unknown unknown
5550/tcp  unknown sdadmind
5555/tcp  unknown freeciv
5560/tcp  unknown isqlplus
5566/tcp  unknown westec-connect
5631/tcp  unknown pcanywheredata
5633/tcp  unknown beorl
5666/tcp  unknown nrpe
5678/tcp  unknown rrac
5679/tcp  unknown activesync
5718/tcp  unknown dpm
5730/tcp  unknown unieng
5800/tcp  unknown vnc-http
5801/tcp  unknown vnc-http-1
5802/tcp  unknown vnc-http-2
5810/tcp  unknown unknown
5811/tcp  unknown unknown
5815/tcp  unknown unknown
5822/tcp  unknown unknown
5825/tcp  unknown unknown
5850/tcp  unknown unknown
5859/tcp  unknown wherehoo
5862/tcp  unknown unknown
5877/tcp  unknown unknown
5900/tcp  unknown vnc
5901/tcp  unknown vnc-1
5902/tcp  unknown vnc-2
5903/tcp  unknown vnc-3
5904/tcp  unknown unknown
5906/tcp  unknown unknown
5907/tcp  unknown unknown
5910/tcp  unknown cm
5911/tcp  unknown cpdlc
5915/tcp  unknown unknown
5922/tcp  unknown unknown
5925/tcp  unknown unknown
5950/tcp  unknown unknown
5952/tcp  unknown unknown
5959/tcp  unknown unknown
5960/tcp  unknown unknown
5961/tcp  unknown unknown
5962/tcp  unknown unknown
5963/tcp  unknown indy
5987/tcp  unknown wbem-rmi
5988/tcp  unknown wbem-http
5989/tcp  unknown wbem-https
5998/tcp  unknown ncd-diag
5999/tcp  unknown ncd-conf
6000/tcp  unknown X11
6001/tcp  unknown X11:1
6002/tcp  unknown X11:2
6003/tcp  unknown X11:3
6004/tcp  unknown X11:4
6005/tcp  unknown X11:5
6006/tcp  unknown X11:6
6007/tcp  unknown X11:7
6009/tcp  unknown X11:9
6025/tcp  unknown x11
6059/tcp  unknown X11:59
6100/tcp  unknown synchronet-db
6101/tcp  unknown backupexec
6106/tcp  unknown isdninfo
6112/tcp  unknown dtspc
6123/tcp  unknown backup-express
6129/tcp  unknown unknown
6156/tcp  unknown unknown
6346/tcp  unknown gnutella
6389/tcp  unknown clariion-evr01
6502/tcp  unknown netop-rc
6510/tcp  unknown mcer-port
6543/tcp  unknown mythtv
6547/tcp  unknown powerchuteplus
6565/tcp  unknown unknown
6566/tcp  unknown sane-port
6567/tcp  unknown esp
6580/tcp  unknown parsec-master
6646/tcp  unknown unknown
6666/tcp  unknown irc
6667/tcp  unknown irc
6668/tcp  unknown irc
6669/tcp  unknown irc
6689/tcp  unknown tsa
6692/tcp  unknown unknown
6699/tcp  unknown napster
6779/tcp  unknown unknown
6788/tcp  unknown smc-http
6789/tcp  unknown ibm-db2-admin
6792/tcp  unknown unknown
6839/tcp  unknown unknown
6881/tcp  unknown bittorrent-tracker
6901/tcp  unknown jetstream
6969/tcp  unknown acmsoda
7000/tcp  unknown afs3-fileserver
7001/tcp  unknown afs3-callback
7002/tcp  unknown afs3-prserver
7004/tcp  unknown afs3-kaserver
7007/tcp  unknown afs3-bos
7019/tcp  unknown unknown
7025/tcp  unknown vmsvc-2
7070/tcp  unknown realserver
7100/tcp  unknown font-service
7103/tcp  unknown unknown
7106/tcp  unknown unknown
7200/tcp  unknown fodms
7201/tcp  unknown dlip
7402/tcp  unknown rtps-dd-mt

7435/tcp  unknown unknown
7443/tcp  unknown oracleas-https
7496/tcp  unknown unknown
7512/tcp  unknown unknown
7625/tcp  unknown unknown
7627/tcp  unknown soap-http
7676/tcp  unknown imqbrokerd
7741/tcp  unknown scriptview
7777/tcp  unknown cbt
7778/tcp  unknown interwise
7800/tcp  unknown asr
7911/tcp  unknown unknown
7920/tcp  unknown unknown
7921/tcp  unknown unknown
7937/tcp  unknown nsrexecd
7938/tcp  unknown lgtomapper
7999/tcp  unknown irdmi2
8000/tcp  unknown http-alt
8001/tcp  unknown vcom-tunnel
8002/tcp  unknown teradataordbms
8007/tcp  unknown ajp12
8008/tcp  unknown http
8009/tcp  unknown ajp13
8010/tcp  unknown xmpp
8011/tcp  unknown unknown
8021/tcp  unknown ftp-proxy
8022/tcp  unknown oa-system
8031/tcp  unknown unknown
8042/tcp  unknown fs-agent
8045/tcp  unknown unknown
8080/tcp  unknown http-proxy
8081/tcp  unknown blackice-icecap
8082/tcp  unknown blackice-alerts
8083/tcp  unknown us-srv
8084/tcp  unknown unknown
8085/tcp  unknown unknown
8086/tcp  unknown d-s-n
8087/tcp  unknown simplifymedia
8088/tcp  unknown radan-http
8089/tcp  unknown unknown
8090/tcp  unknown unknown
8093/tcp  unknown unknown
8099/tcp  unknown unknown
8100/tcp  unknown xprint-server
8180/tcp  unknown unknown
8181/tcp  unknown unknown
8192/tcp  unknown sophos
8193/tcp  unknown sophos
8194/tcp  unknown sophos
8200/tcp  unknown trivnet1
8222/tcp  unknown unknown
8254/tcp  unknown unknown
8290/tcp  unknown unknown
8291/tcp  unknown unknown
8292/tcp  unknown blp3
8300/tcp  unknown tmi
8333/tcp  unknown unknown
8383/tcp  unknown m2mservices
8400/tcp  unknown cvd
8402/tcp  unknown abarsd
8443/tcp  unknown https-alt
8500/tcp  unknown fmtp
8600/tcp  unknown asterix
8649/tcp  unknown unknown
8651/tcp  unknown unknown
8652/tcp  unknown unknown
8654/tcp  unknown unknown
8701/tcp  unknown unknown
8800/tcp  unknown sunwebadmin
8873/tcp  unknown dxspider
8888/tcp  unknown sun-answerbook
8899/tcp  unknown ospf-lite
8994/tcp  unknown unknown
9000/tcp  unknown cslistener
9001/tcp  unknown tor-orport
9002/tcp  unknown dynamid
9003/tcp  unknown unknown
9009/tcp  unknown pichat
9010/tcp  unknown sdr
9011/tcp  unknown unknown
9040/tcp  unknown tor-trans
9050/tcp  unknown tor-socks
9071/tcp  unknown unknown
9080/tcp  unknown glrpc
9081/tcp  unknown unknown
9090/tcp  unknown zeus-admin
9091/tcp  unknown xmltec-xmlmail
9099/tcp  unknown unknown
9100/tcp  unknown jetdirect
9101/tcp  unknown jetdirect
9102/tcp  unknown jetdirect
9103/tcp  unknown jetdirect
9110/tcp  unknown unknown
9111/tcp  unknown DragonIDSConsole
9200/tcp  unknown wap-wsp
9207/tcp  unknown wap-vcal-s
9220/tcp  unknown unknown
9290/tcp  unknown unknown
9415/tcp  unknown unknown
9418/tcp  unknown git
9485/tcp  unknown unknown
9500/tcp  unknown ismserver
9502/tcp  unknown unknown
9503/tcp  unknown unknown
9535/tcp  unknown man
9575/tcp  unknown unknown
9593/tcp  unknown cba8
9594/tcp  unknown msgsys
9595/tcp  unknown pds
9618/tcp  unknown condor
9666/tcp  unknown unknown
9876/tcp  unknown sd
9877/tcp  unknown unknown
9878/tcp  unknown unknown
9898/tcp  unknown monkeycom
9900/tcp  unknown iua
9917/tcp  unknown unknown
9929/tcp  unknown nping-echo
9943/tcp  unknown unknown
9944/tcp  unknown unknown
9968/tcp  unknown unknown
9998/tcp  unknown distinct32
9999/tcp  unknown abyss
10000/tcp unknown snet-sensor-mgmt
10001/tcp unknown scp-config
10002/tcp unknown documentum
10003/tcp unknown documentum_s
10004/tcp unknown emcrmirccd
10009/tcp unknown swdtp-sv
10010/tcp unknown rxapi

10012/tcp unknown unknown
10024/tcp unknown unknown
10025/tcp unknown unknown
10082/tcp unknown amandaidx
10180/tcp unknown unknown
10215/tcp unknown unknown
10243/tcp unknown unknown
10566/tcp unknown unknown
10616/tcp unknown unknown
10617/tcp unknown unknown
10621/tcp unknown unknown
10626/tcp unknown unknown
10628/tcp unknown unknown
10629/tcp unknown unknown
10778/tcp unknown unknown
11110/tcp unknown unknown
11111/tcp unknown vce
11967/tcp unknown sysinfo-sp
12000/tcp unknown cce4x
12174/tcp unknown unknown
12265/tcp unknown unknown
12345/tcp unknown netbus
13456/tcp unknown unknown
13722/tcp unknown netbackup
13782/tcp unknown netbackup
13783/tcp unknown netbackup
14000/tcp unknown scotty-ft
14238/tcp unknown unknown
14441/tcp unknown unknown
14442/tcp unknown unknown
15000/tcp unknown hydap
15002/tcp unknown unknown
15003/tcp unknown unknown
15004/tcp unknown unknown
15660/tcp unknown bex-xr
15742/tcp unknown unknown
16000/tcp unknown fmsas

16001/tcp unknown fmsascon
16012/tcp unknown unknown
16016/tcp unknown unknown
16018/tcp unknown unknown
16080/tcp unknown osxwebadmin
16113/tcp unknown unknown
16992/tcp unknown amt-soap-http

16993/tcp unknown amt-soap-https
17877/tcp unknown unknown
17988/tcp unknown unknown
18040/tcp unknown unknown
18101/tcp unknown unknown
18988/tcp unknown unknown
19101/tcp unknown unknown
19283/tcp unknown keysrvr
19315/tcp unknown keyshadow
19350/tcp unknown unknown
19780/tcp unknown unknown
19801/tcp unknown unknown
19842/tcp unknown unknown
20000/tcp unknown dnp
20005/tcp unknown btx
20031/tcp unknown unknown
20221/tcp unknown unknown
20222/tcp unknown ipulse-ics
20828/tcp unknown unknown
21571/tcp unknown unknown
22939/tcp unknown unknown
23502/tcp unknown unknown
24444/tcp unknown unknown
24800/tcp unknown unknown
25734/tcp unknown unknown
25735/tcp unknown unknown
26214/tcp unknown unknown
27000/tcp unknown flexlm0
27352/tcp unknown unknown
27353/tcp unknown unknown
27355/tcp unknown unknown
27356/tcp unknown unknown
27715/tcp unknown unknown
28201/tcp unknown unknown
30000/tcp unknown unknown
30718/tcp unknown unknown
30951/tcp unknown unknown
31038/tcp unknown unknown
31337/tcp unknown Elite
32768/tcp unknown filenet-tms
32769/tcp unknown filenet-rpc
32770/tcp unknown sometimes-rpc3
32771/tcp unknown sometimes-rpc5
32772/tcp unknown sometimes-rpc7
32773/tcp unknown sometimes-rpc9
32774/tcp unknown sometimes-rpc11
32775/tcp unknown sometimes-rpc13
32776/tcp unknown sometimes-rpc15
32777/tcp unknown sometimes-rpc17
32778/tcp unknown sometimes-rpc19
32779/tcp unknown sometimes-rpc21
32780/tcp unknown sometimes-rpc23
32781/tcp unknown unknown
32782/tcp unknown unknown
32783/tcp unknown unknown
32784/tcp unknown unknown
32785/tcp unknown unknown
33354/tcp unknown unknown
33899/tcp unknown unknown
34571/tcp unknown unknown
34572/tcp unknown unknown
34573/tcp unknown unknown
35500/tcp unknown unknown
38292/tcp unknown landesk-cba
40193/tcp unknown unknown
40911/tcp unknown unknown
41511/tcp unknown unknown
42510/tcp unknown caerpc
44176/tcp unknown unknown
44442/tcp unknown coldfusion-auth
44443/tcp unknown coldfusion-auth
44501/tcp unknown unknown
45100/tcp unknown unknown
48080/tcp unknown unknown
49152/tcp unknown unknown
49153/tcp unknown unknown
49154/tcp unknown unknown
49155/tcp unknown unknown
49156/tcp unknown unknown
49157/tcp unknown unknown
49158/tcp unknown unknown
49159/tcp unknown unknown
49160/tcp unknown unknown
49161/tcp unknown unknown
49163/tcp unknown unknown
49165/tcp unknown unknown
49167/tcp unknown unknown
49175/tcp unknown unknown
49176/tcp unknown unknown
49400/tcp unknown compaqdiag
49999/tcp unknown unknown
50000/tcp unknown ibm-db2

50001/tcp unknown unknown
50002/tcp unknown iiimsf
50003/tcp unknown unknown
50006/tcp unknown unknown
50300/tcp unknown unknown
50389/tcp unknown unknown
50500/tcp unknown unknown
50636/tcp unknown unknown
50800/tcp unknown unknown
51103/tcp unknown unknown
51493/tcp unknown unknown
52673/tcp unknown unknown
52822/tcp unknown unknown
52848/tcp unknown unknown
52869/tcp unknown unknown
54045/tcp unknown unknown
54328/tcp unknown unknown
55055/tcp unknown unknown
55056/tcp unknown unknown
55555/tcp unknown unknown
55600/tcp unknown unknown
56737/tcp unknown unknown
56738/tcp unknown unknown
57294/tcp unknown unknown
57797/tcp unknown unknown
58080/tcp unknown unknown
60020/tcp unknown unknown
60443/tcp unknown unknown
61532/tcp unknown unknown
61900/tcp unknown unknown
62078/tcp unknown iphone-sync
63331/tcp unknown unknown
64623/tcp unknown unknown
64680/tcp unknown unknown
65000/tcp unknown unknown
65129/tcp unknown unknown
65389/tcp unknown unknown

Nmap scan report for 10.30.1.120
Host is up (0.0072s latency).
Not shown: 996 closed ports
PORT    STATE SERVICE
53/tcp  open  domain
135/tcp open  msrpc
139/tcp open  netbios-ssn
445/tcp open  microsoft-ds
MAC Address: 08:00:27:32:D7:99 (Cadmus Computer Systems)

Nmap done: 255 IP addresses (2 hosts up) scanned in 32.59 seconds

C:\Program Files\Nmap>net use e: \\10.30.1.120\C$ ringo /USER:10.30.1.120\ringo
net use e: \\10.30.1.120\C$ ringo /USER:10.30.1.120\ringo
System error 1326 has occurred.

Logon failure: unknown user name or bad password.


C:\Program Files\Nmap>net use e: \\10.30.1.120\C$ ringo /USER:10.30.1.120\ringo
net use e: \\10.30.1.120\C$ ringo /USER:10.30.1.120\ringo
The command completed successfully.


C:\Program Files\Nmap>e:
e:

E:\>dir
dir
 Volume in drive E has no label.
 Volume Serial Number is 9485-3661

 Directory of E:\

05/27/2018  07:23 PM    <DIR>          analysis
05/13/2018  02:45 PM                 0 AUTOEXEC.BAT
05/13/2018  02:45 PM                 0 CONFIG.SYS
05/27/2018  05:25 PM    <DIR>          Documents and Settings
05/13/2018  03:31 PM    <DIR>          DualServer
05/27/2018  07:14 PM    <DIR>          Program Files
05/13/2018  03:26 PM    <DIR>          WINDOWS
               2 File(s)              0 bytes
               5 Dir(s)  25,336,102,912 bytes free

E:\>cd documents and settings
cd documents and settings

E:\Documents and Settings>dir
dir
 Volume in drive E has no label.
 Volume Serial Number is 9485-3661

 Directory of E:\Documents and Settings

05/27/2018  05:25 PM    <DIR>          .
05/27/2018  05:25 PM    <DIR>          ..
05/13/2018  02:45 PM    <DIR>          All Users
05/13/2018  02:48 PM    <DIR>          jon
05/27/2018  05:25 PM    <DIR>          ringo
               0 File(s)              0 bytes
               5 Dir(s)  25,336,102,912 bytes free

E:\Documents and Settings>cd jon
cd jon

E:\Documents and Settings\jon>cd desktop
cd desktop

E:\Documents and Settings\jon\Desktop>dir
dir
 Volume in drive E has no label.
 Volume Serial Number is 9485-3661

 Directory of E:\Documents and Settings\jon\Desktop

05/27/2018  07:22 PM    <DIR>          .
05/27/2018  07:22 PM    <DIR>          ..
03/18/2018  07:10 PM         1,164,778 DualServerInstallerV7.38.exe
05/27/2018  07:23 PM                76 startWireless.bat
05/13/2018  03:28 PM    <DIR>          VM_Tools
05/13/2018  03:04 PM        20,960,472 Wireshark-win32-1.8.3.exe
               3 File(s)     22,125,326 bytes
               3 Dir(s)  25,336,102,912 bytes free

E:\Documents and Settings\jon\Desktop>cd ..
cd ..

E:\Documents and Settings\jon>cd..
cd..

E:\Documents and Settings>cd ringo
cd ringo

E:\Documents and Settings\ringo>dir
dir
 Volume in drive E has no label.
 Volume Serial Number is 9485-3661

 Directory of E:\Documents and Settings\ringo

05/27/2018  05:25 PM    <DIR>          .
05/27/2018  05:25 PM    <DIR>          ..
05/27/2018  05:28 PM    <DIR>          Desktop
05/27/2018  05:25 PM    <DIR>          Favorites
05/27/2018  05:25 PM    <DIR>          My Documents
05/13/2018  07:42 AM    <DIR>          Start Menu
               0 File(s)              0 bytes
               6 Dir(s)  25,336,102,912 bytes free

E:\Documents and Settings\ringo>cd desktop
cd desktop

E:\Documents and Settings\ringo\Desktop>dir
dir
 Volume in drive E has no label.
 Volume Serial Number is 9485-3661

 Directory of E:\Documents and Settings\ringo\Desktop

05/27/2018  05:28 PM    <DIR>          .
05/27/2018  05:28 PM    <DIR>          ..
05/27/2018  05:19 PM               158 SuperSecret Recipe.txt
               1 File(s)            158 bytes
               2 Dir(s)  25,336,102,912 bytes free

E:\Documents and Settings\ringo\Desktop>type Supersecret Recipe.txt
type Supersecret Recipe.txt
The system cannot find the file specified.
Error occurred while processing: Supersecret.
The system cannot find the file specified.
Error occurred while processing: Recipe.txt.

E:\Documents and Settings\ringo\Desktop>type "Supersecret Recipe.txt"
type "Supersecret Recipe.txt"
This is the super secret recipe that I dont know anyone to know.

1. Eggs
2. Cheese
3. Salt and pepper to taste
4. Sourdough Bread
5. Crispy thick bacon
E:\Documents and Settings\ringo\Desktop>GOT IT!
GOT IT!
'GOT' is not recognized as an internal or external command,
operable program or batch file.

E:\Documents and Settings\ringo\Desktop>